Archive member included to satisfy reference by file (symbol)

/usr/lib/gcc/arm-none-eabi/10.3.1/../../../arm-none-eabi/lib/thumb/v7e-m+fp/softfp/libc_nano.a(lib_a-atexit.o)
                              /usr/lib/gcc/arm-none-eabi/10.3.1/../../../arm-none-eabi/lib/thumb/v7e-m+fp/softfp/crt0.o (atexit)
/usr/lib/gcc/arm-none-eabi/10.3.1/../../../arm-none-eabi/lib/thumb/v7e-m+fp/softfp/libc_nano.a(lib_a-exit.o)
                              /usr/lib/gcc/arm-none-eabi/10.3.1/../../../arm-none-eabi/lib/thumb/v7e-m+fp/softfp/crt0.o (exit)
/usr/lib/gcc/arm-none-eabi/10.3.1/../../../arm-none-eabi/lib/thumb/v7e-m+fp/softfp/libc_nano.a(lib_a-fini.o)
                              /usr/lib/gcc/arm-none-eabi/10.3.1/../../../arm-none-eabi/lib/thumb/v7e-m+fp/softfp/crt0.o (__libc_fini_array)
/usr/lib/gcc/arm-none-eabi/10.3.1/../../../arm-none-eabi/lib/thumb/v7e-m+fp/softfp/libc_nano.a(lib_a-impure.o)
                              /usr/lib/gcc/arm-none-eabi/10.3.1/../../../arm-none-eabi/lib/thumb/v7e-m+fp/softfp/libc_nano.a(lib_a-exit.o) (_global_impure_ptr)
/usr/lib/gcc/arm-none-eabi/10.3.1/../../../arm-none-eabi/lib/thumb/v7e-m+fp/softfp/libc_nano.a(lib_a-init.o)
                              /usr/lib/gcc/arm-none-eabi/10.3.1/../../../arm-none-eabi/lib/thumb/v7e-m+fp/softfp/crt0.o (__libc_init_array)
/usr/lib/gcc/arm-none-eabi/10.3.1/../../../arm-none-eabi/lib/thumb/v7e-m+fp/softfp/libc_nano.a(lib_a-memcpy.o)
                              build/obj/src/pantalla.o (memcpy)
/usr/lib/gcc/arm-none-eabi/10.3.1/../../../arm-none-eabi/lib/thumb/v7e-m+fp/softfp/libc_nano.a(lib_a-memset.o)
                              /usr/lib/gcc/arm-none-eabi/10.3.1/../../../arm-none-eabi/lib/thumb/v7e-m+fp/softfp/crt0.o (memset)
/usr/lib/gcc/arm-none-eabi/10.3.1/../../../arm-none-eabi/lib/thumb/v7e-m+fp/softfp/libc_nano.a(lib_a-__atexit.o)
                              /usr/lib/gcc/arm-none-eabi/10.3.1/../../../arm-none-eabi/lib/thumb/v7e-m+fp/softfp/libc_nano.a(lib_a-atexit.o) (__register_exitproc)
/usr/lib/gcc/arm-none-eabi/10.3.1/../../../arm-none-eabi/lib/thumb/v7e-m+fp/softfp/libc_nano.a(lib_a-__call_atexit.o)
                              /usr/lib/gcc/arm-none-eabi/10.3.1/../../../arm-none-eabi/lib/thumb/v7e-m+fp/softfp/libc_nano.a(lib_a-__atexit.o) (__call_exitprocs)
/usr/lib/gcc/arm-none-eabi/10.3.1/../../../arm-none-eabi/lib/thumb/v7e-m+fp/softfp/libnosys.a(_exit.o)
                              /usr/lib/gcc/arm-none-eabi/10.3.1/../../../arm-none-eabi/lib/thumb/v7e-m+fp/softfp/libc_nano.a(lib_a-exit.o) (_exit)

Discarded input sections

 .text          0x0000000000000000        0x0 /usr/lib/gcc/arm-none-eabi/10.3.1/thumb/v7e-m+fp/softfp/crti.o
 .data          0x0000000000000000        0x0 /usr/lib/gcc/arm-none-eabi/10.3.1/thumb/v7e-m+fp/softfp/crti.o
 .bss           0x0000000000000000        0x0 /usr/lib/gcc/arm-none-eabi/10.3.1/thumb/v7e-m+fp/softfp/crti.o
 .text          0x0000000000000000       0x88 /usr/lib/gcc/arm-none-eabi/10.3.1/thumb/v7e-m+fp/softfp/crtbegin.o
 .data          0x0000000000000000        0x4 /usr/lib/gcc/arm-none-eabi/10.3.1/thumb/v7e-m+fp/softfp/crtbegin.o
 .bss           0x0000000000000000       0x1c /usr/lib/gcc/arm-none-eabi/10.3.1/thumb/v7e-m+fp/softfp/crtbegin.o
 .rodata        0x0000000000000000       0x24 /usr/lib/gcc/arm-none-eabi/10.3.1/thumb/v7e-m+fp/softfp/crtbegin.o
 .init_array    0x0000000000000000        0x4 /usr/lib/gcc/arm-none-eabi/10.3.1/thumb/v7e-m+fp/softfp/crtbegin.o
 .fini_array    0x0000000000000000        0x4 /usr/lib/gcc/arm-none-eabi/10.3.1/thumb/v7e-m+fp/softfp/crtbegin.o
 .eh_frame      0x0000000000000000        0x0 /usr/lib/gcc/arm-none-eabi/10.3.1/thumb/v7e-m+fp/softfp/crtbegin.o
 .tm_clone_table
                0x0000000000000000        0x0 /usr/lib/gcc/arm-none-eabi/10.3.1/thumb/v7e-m+fp/softfp/crtbegin.o
 .comment       0x0000000000000000       0x34 /usr/lib/gcc/arm-none-eabi/10.3.1/thumb/v7e-m+fp/softfp/crtbegin.o
 .ARM.attributes
                0x0000000000000000       0x32 /usr/lib/gcc/arm-none-eabi/10.3.1/thumb/v7e-m+fp/softfp/crtbegin.o
 .text          0x0000000000000000       0x70 /usr/lib/gcc/arm-none-eabi/10.3.1/../../../arm-none-eabi/lib/thumb/v7e-m+fp/softfp/crt0.o
 .data          0x0000000000000000        0x0 /usr/lib/gcc/arm-none-eabi/10.3.1/../../../arm-none-eabi/lib/thumb/v7e-m+fp/softfp/crt0.o
 .bss           0x0000000000000000        0x0 /usr/lib/gcc/arm-none-eabi/10.3.1/../../../arm-none-eabi/lib/thumb/v7e-m+fp/softfp/crt0.o
 .ARM.extab     0x0000000000000000        0x0 /usr/lib/gcc/arm-none-eabi/10.3.1/../../../arm-none-eabi/lib/thumb/v7e-m+fp/softfp/crt0.o
 .ARM.exidx     0x0000000000000000       0x10 /usr/lib/gcc/arm-none-eabi/10.3.1/../../../arm-none-eabi/lib/thumb/v7e-m+fp/softfp/crt0.o
 .debug_line    0x0000000000000000       0x87 /usr/lib/gcc/arm-none-eabi/10.3.1/../../../arm-none-eabi/lib/thumb/v7e-m+fp/softfp/crt0.o
 .debug_info    0x0000000000000000       0x26 /usr/lib/gcc/arm-none-eabi/10.3.1/../../../arm-none-eabi/lib/thumb/v7e-m+fp/softfp/crt0.o
 .debug_abbrev  0x0000000000000000       0x14 /usr/lib/gcc/arm-none-eabi/10.3.1/../../../arm-none-eabi/lib/thumb/v7e-m+fp/softfp/crt0.o
 .debug_aranges
                0x0000000000000000       0x20 /usr/lib/gcc/arm-none-eabi/10.3.1/../../../arm-none-eabi/lib/thumb/v7e-m+fp/softfp/crt0.o
 .debug_str     0x0000000000000000       0x9a /usr/lib/gcc/arm-none-eabi/10.3.1/../../../arm-none-eabi/lib/thumb/v7e-m+fp/softfp/crt0.o
 .ARM.attributes
                0x0000000000000000       0x1c /usr/lib/gcc/arm-none-eabi/10.3.1/../../../arm-none-eabi/lib/thumb/v7e-m+fp/softfp/crt0.o
 .group         0x0000000000000000        0xc build/obj/src/bsp.o
 .group         0x0000000000000000        0xc build/obj/src/bsp.o
 .group         0x0000000000000000        0xc build/obj/src/bsp.o
 .group         0x0000000000000000        0xc build/obj/src/bsp.o
 .group         0x0000000000000000        0xc build/obj/src/bsp.o
 .group         0x0000000000000000        0xc build/obj/src/bsp.o
 .group         0x0000000000000000        0xc build/obj/src/bsp.o
 .group         0x0000000000000000        0xc build/obj/src/bsp.o
 .group         0x0000000000000000        0xc build/obj/src/bsp.o
 .group         0x0000000000000000        0xc build/obj/src/bsp.o
 .group         0x0000000000000000        0xc build/obj/src/bsp.o
 .group         0x0000000000000000        0xc build/obj/src/bsp.o
 .group         0x0000000000000000        0xc build/obj/src/bsp.o
 .group         0x0000000000000000        0xc build/obj/src/bsp.o
 .group         0x0000000000000000        0xc build/obj/src/bsp.o
 .group         0x0000000000000000        0xc build/obj/src/bsp.o
 .group         0x0000000000000000        0xc build/obj/src/bsp.o
 .group         0x0000000000000000        0xc build/obj/src/bsp.o
 .group         0x0000000000000000        0xc build/obj/src/bsp.o
 .group         0x0000000000000000        0xc build/obj/src/bsp.o
 .group         0x0000000000000000        0xc build/obj/src/bsp.o
 .group         0x0000000000000000        0xc build/obj/src/bsp.o
 .group         0x0000000000000000        0xc build/obj/src/bsp.o
 .group         0x0000000000000000        0xc build/obj/src/bsp.o
 .group         0x0000000000000000        0xc build/obj/src/bsp.o
 .group         0x0000000000000000        0xc build/obj/src/bsp.o
 .group         0x0000000000000000        0xc build/obj/src/bsp.o
 .group         0x0000000000000000        0xc build/obj/src/bsp.o
 .group         0x0000000000000000        0xc build/obj/src/bsp.o
 .group         0x0000000000000000        0xc build/obj/src/bsp.o
 .group         0x0000000000000000        0xc build/obj/src/bsp.o
 .group         0x0000000000000000        0xc build/obj/src/bsp.o
 .group         0x0000000000000000        0xc build/obj/src/bsp.o
 .group         0x0000000000000000        0xc build/obj/src/bsp.o
 .group         0x0000000000000000        0xc build/obj/src/bsp.o
 .group         0x0000000000000000        0xc build/obj/src/bsp.o
 .group         0x0000000000000000        0xc build/obj/src/bsp.o
 .group         0x0000000000000000        0xc build/obj/src/bsp.o
 .group         0x0000000000000000        0xc build/obj/src/bsp.o
 .group         0x0000000000000000        0xc build/obj/src/bsp.o
 .group         0x0000000000000000        0xc build/obj/src/bsp.o
 .group         0x0000000000000000        0xc build/obj/src/bsp.o
 .group         0x0000000000000000        0xc build/obj/src/bsp.o
 .group         0x0000000000000000        0xc build/obj/src/bsp.o
 .group         0x0000000000000000        0xc build/obj/src/bsp.o
 .group         0x0000000000000000        0xc build/obj/src/bsp.o
 .group         0x0000000000000000        0xc build/obj/src/bsp.o
 .group         0x0000000000000000        0xc build/obj/src/bsp.o
 .group         0x0000000000000000        0xc build/obj/src/bsp.o
 .group         0x0000000000000000        0xc build/obj/src/bsp.o
 .group         0x0000000000000000        0xc build/obj/src/bsp.o
 .group         0x0000000000000000        0xc build/obj/src/bsp.o
 .text          0x0000000000000000        0x0 build/obj/src/bsp.o
 .data          0x0000000000000000        0x0 build/obj/src/bsp.o
 .bss           0x0000000000000000        0x0 build/obj/src/bsp.o
 .group         0x0000000000000000        0xc build/obj/src/digital.o
 .group         0x0000000000000000        0xc build/obj/src/digital.o
 .group         0x0000000000000000        0xc build/obj/src/digital.o
 .group         0x0000000000000000        0xc build/obj/src/digital.o
 .group         0x0000000000000000        0xc build/obj/src/digital.o
 .group         0x0000000000000000        0xc build/obj/src/digital.o
 .group         0x0000000000000000        0xc build/obj/src/digital.o
 .group         0x0000000000000000        0xc build/obj/src/digital.o
 .group         0x0000000000000000        0xc build/obj/src/digital.o
 .group         0x0000000000000000        0xc build/obj/src/digital.o
 .group         0x0000000000000000        0xc build/obj/src/digital.o
 .group         0x0000000000000000        0xc build/obj/src/digital.o
 .group         0x0000000000000000        0xc build/obj/src/digital.o
 .group         0x0000000000000000        0xc build/obj/src/digital.o
 .group         0x0000000000000000        0xc build/obj/src/digital.o
 .group         0x0000000000000000        0xc build/obj/src/digital.o
 .group         0x0000000000000000        0xc build/obj/src/digital.o
 .group         0x0000000000000000        0xc build/obj/src/digital.o
 .group         0x0000000000000000        0xc build/obj/src/digital.o
 .group         0x0000000000000000        0xc build/obj/src/digital.o
 .group         0x0000000000000000        0xc build/obj/src/digital.o
 .group         0x0000000000000000        0xc build/obj/src/digital.o
 .group         0x0000000000000000        0xc build/obj/src/digital.o
 .group         0x0000000000000000        0xc build/obj/src/digital.o
 .group         0x0000000000000000        0xc build/obj/src/digital.o
 .group         0x0000000000000000        0xc build/obj/src/digital.o
 .group         0x0000000000000000        0xc build/obj/src/digital.o
 .group         0x0000000000000000        0xc build/obj/src/digital.o
 .group         0x0000000000000000        0xc build/obj/src/digital.o
 .group         0x0000000000000000        0xc build/obj/src/digital.o
 .group         0x0000000000000000        0xc build/obj/src/digital.o
 .group         0x0000000000000000        0xc build/obj/src/digital.o
 .group         0x0000000000000000        0xc build/obj/src/digital.o
 .group         0x0000000000000000        0xc build/obj/src/digital.o
 .group         0x0000000000000000        0xc build/obj/src/digital.o
 .group         0x0000000000000000        0xc build/obj/src/digital.o
 .group         0x0000000000000000        0xc build/obj/src/digital.o
 .group         0x0000000000000000        0xc build/obj/src/digital.o
 .group         0x0000000000000000        0xc build/obj/src/digital.o
 .group         0x0000000000000000        0xc build/obj/src/digital.o
 .group         0x0000000000000000        0xc build/obj/src/digital.o
 .group         0x0000000000000000        0xc build/obj/src/digital.o
 .group         0x0000000000000000        0xc build/obj/src/digital.o
 .group         0x0000000000000000        0xc build/obj/src/digital.o
 .group         0x0000000000000000        0xc build/obj/src/digital.o
 .group         0x0000000000000000        0xc build/obj/src/digital.o
 .group         0x0000000000000000        0xc build/obj/src/digital.o
 .group         0x0000000000000000        0xc build/obj/src/digital.o
 .group         0x0000000000000000        0xc build/obj/src/digital.o
 .group         0x0000000000000000        0xc build/obj/src/digital.o
 .text          0x0000000000000000        0x0 build/obj/src/digital.o
 .data          0x0000000000000000        0x0 build/obj/src/digital.o
 .bss           0x0000000000000000        0x0 build/obj/src/digital.o
 .text.Chip_GPIO_SetPinToggle
                0x0000000000000000       0x32 build/obj/src/digital.o
 .text.DigitalInputHasChange
                0x0000000000000000       0x46 build/obj/src/digital.o
 .text.DigitalInputHasDesactivated
                0x0000000000000000       0x4a build/obj/src/digital.o
 .text.DigitalOutputActivate
                0x0000000000000000       0x24 build/obj/src/digital.o
 .text.DigitalOutputDesactivate
                0x0000000000000000       0x24 build/obj/src/digital.o
 .text.DigitalOutputToggle
                0x0000000000000000       0x24 build/obj/src/digital.o
 .debug_macro   0x0000000000000000      0xaba build/obj/src/digital.o
 .debug_macro   0x0000000000000000      0x34e build/obj/src/digital.o
 .debug_macro   0x0000000000000000       0x22 build/obj/src/digital.o
 .debug_macro   0x0000000000000000       0x10 build/obj/src/digital.o
 .debug_macro   0x0000000000000000       0x79 build/obj/src/digital.o
 .debug_macro   0x0000000000000000       0x28 build/obj/src/digital.o
 .debug_macro   0x0000000000000000       0x1c build/obj/src/digital.o
 .debug_macro   0x0000000000000000       0x22 build/obj/src/digital.o
 .debug_macro   0x0000000000000000       0xfb build/obj/src/digital.o
 .debug_macro   0x0000000000000000     0x1011 build/obj/src/digital.o
 .debug_macro   0x0000000000000000      0x11f build/obj/src/digital.o
 .debug_macro   0x0000000000000000      0x2c3 build/obj/src/digital.o
 .debug_macro   0x0000000000000000      0x112 build/obj/src/digital.o
 .debug_macro   0x0000000000000000       0x11 build/obj/src/digital.o
 .debug_macro   0x0000000000000000       0x2a build/obj/src/digital.o
 .debug_macro   0x0000000000000000       0x16 build/obj/src/digital.o
 .debug_macro   0x0000000000000000      0x2e6 build/obj/src/digital.o
 .debug_macro   0x0000000000000000       0x82 build/obj/src/digital.o
 .debug_macro   0x0000000000000000      0x13d build/obj/src/digital.o
 .debug_macro   0x0000000000000000      0x198 build/obj/src/digital.o
 .debug_macro   0x0000000000000000       0x34 build/obj/src/digital.o
 .debug_macro   0x0000000000000000       0x58 build/obj/src/digital.o
 .debug_macro   0x0000000000000000      0x236 build/obj/src/digital.o
 .debug_macro   0x0000000000000000      0x572 build/obj/src/digital.o
 .debug_macro   0x0000000000000000       0x16 build/obj/src/digital.o
 .debug_macro   0x0000000000000000      0x18a build/obj/src/digital.o
 .debug_macro   0x0000000000000000       0x88 build/obj/src/digital.o
 .debug_macro   0x0000000000000000      0x1b9 build/obj/src/digital.o
 .debug_macro   0x0000000000000000      0x1da build/obj/src/digital.o
 .debug_macro   0x0000000000000000       0x40 build/obj/src/digital.o
 .debug_macro   0x0000000000000000       0x1c build/obj/src/digital.o
 .debug_macro   0x0000000000000000       0x2e build/obj/src/digital.o
 .debug_macro   0x0000000000000000       0x2e build/obj/src/digital.o
 .debug_macro   0x0000000000000000       0x22 build/obj/src/digital.o
 .debug_macro   0x0000000000000000      0x201 build/obj/src/digital.o
 .debug_macro   0x0000000000000000       0xe0 build/obj/src/digital.o
 .debug_macro   0x0000000000000000      0x34c build/obj/src/digital.o
 .debug_macro   0x0000000000000000       0xdc build/obj/src/digital.o
 .debug_macro   0x0000000000000000       0xc4 build/obj/src/digital.o
 .debug_macro   0x0000000000000000       0x8f build/obj/src/digital.o
 .debug_macro   0x0000000000000000       0x94 build/obj/src/digital.o
 .debug_macro   0x0000000000000000       0xb8 build/obj/src/digital.o
 .debug_macro   0x0000000000000000       0x4c build/obj/src/digital.o
 .debug_macro   0x0000000000000000       0x16 build/obj/src/digital.o
 .debug_macro   0x0000000000000000      0x328 build/obj/src/digital.o
 .debug_macro   0x0000000000000000       0x3a build/obj/src/digital.o
 .debug_macro   0x0000000000000000       0xd0 build/obj/src/digital.o
 .debug_macro   0x0000000000000000       0x18 build/obj/src/digital.o
 .debug_macro   0x0000000000000000       0x22 build/obj/src/digital.o
 .debug_macro   0x0000000000000000       0x40 build/obj/src/digital.o
 .group         0x0000000000000000        0xc build/obj/src/main.o
 .group         0x0000000000000000        0xc build/obj/src/main.o
 .group         0x0000000000000000        0xc build/obj/src/main.o
 .group         0x0000000000000000        0xc build/obj/src/main.o
 .group         0x0000000000000000        0xc build/obj/src/main.o
 .text          0x0000000000000000        0x0 build/obj/src/main.o
 .data          0x0000000000000000        0x0 build/obj/src/main.o
 .bss           0x0000000000000000        0x0 build/obj/src/main.o
 .debug_macro   0x0000000000000000      0xaba build/obj/src/main.o
 .debug_macro   0x0000000000000000      0x34e build/obj/src/main.o
 .debug_macro   0x0000000000000000       0x22 build/obj/src/main.o
 .debug_macro   0x0000000000000000       0x34 build/obj/src/main.o
 .group         0x0000000000000000        0xc build/obj/src/pantalla.o
 .group         0x0000000000000000        0xc build/obj/src/pantalla.o
 .group         0x0000000000000000        0xc build/obj/src/pantalla.o
 .group         0x0000000000000000        0xc build/obj/src/pantalla.o
 .group         0x0000000000000000        0xc build/obj/src/pantalla.o
 .group         0x0000000000000000        0xc build/obj/src/pantalla.o
 .group         0x0000000000000000        0xc build/obj/src/pantalla.o
 .group         0x0000000000000000        0xc build/obj/src/pantalla.o
 .group         0x0000000000000000        0xc build/obj/src/pantalla.o
 .group         0x0000000000000000        0xc build/obj/src/pantalla.o
 .group         0x0000000000000000        0xc build/obj/src/pantalla.o
 .group         0x0000000000000000        0xc build/obj/src/pantalla.o
 .group         0x0000000000000000        0xc build/obj/src/pantalla.o
 .group         0x0000000000000000        0xc build/obj/src/pantalla.o
 .group         0x0000000000000000        0xc build/obj/src/pantalla.o
 .group         0x0000000000000000        0xc build/obj/src/pantalla.o
 .group         0x0000000000000000        0xc build/obj/src/pantalla.o
 .group         0x0000000000000000        0xc build/obj/src/pantalla.o
 .group         0x0000000000000000        0xc build/obj/src/pantalla.o
 .group         0x0000000000000000        0xc build/obj/src/pantalla.o
 .text          0x0000000000000000        0x0 build/obj/src/pantalla.o
 .data          0x0000000000000000        0x0 build/obj/src/pantalla.o
 .bss           0x0000000000000000        0x0 build/obj/src/pantalla.o
 .debug_macro   0x0000000000000000      0xaba build/obj/src/pantalla.o
 .debug_macro   0x0000000000000000      0x34e build/obj/src/pantalla.o
 .debug_macro   0x0000000000000000       0x34 build/obj/src/pantalla.o
 .debug_macro   0x0000000000000000      0x174 build/obj/src/pantalla.o
 .group         0x0000000000000000        0xc build/obj/external/base/soc/lpc43xx/startup/cr_startup_lpc43xx.o
 .text          0x0000000000000000        0x0 build/obj/external/base/soc/lpc43xx/startup/cr_startup_lpc43xx.o
 .data          0x0000000000000000        0x0 build/obj/external/base/soc/lpc43xx/startup/cr_startup_lpc43xx.o
 .bss           0x0000000000000000        0x0 build/obj/external/base/soc/lpc43xx/startup/cr_startup_lpc43xx.o
 .debug_macro   0x0000000000000000      0xaba build/obj/external/base/soc/lpc43xx/startup/cr_startup_lpc43xx.o
 .text          0x0000000000000000        0xc /usr/lib/gcc/arm-none-eabi/10.3.1/../../../arm-none-eabi/lib/thumb/v7e-m+fp/softfp/libc_nano.a(lib_a-atexit.o)
 .data          0x0000000000000000        0x0 /usr/lib/gcc/arm-none-eabi/10.3.1/../../../arm-none-eabi/lib/thumb/v7e-m+fp/softfp/libc_nano.a(lib_a-atexit.o)
 .bss           0x0000000000000000        0x0 /usr/lib/gcc/arm-none-eabi/10.3.1/../../../arm-none-eabi/lib/thumb/v7e-m+fp/softfp/libc_nano.a(lib_a-atexit.o)
 .debug_info    0x0000000000000000      0x100 /usr/lib/gcc/arm-none-eabi/10.3.1/../../../arm-none-eabi/lib/thumb/v7e-m+fp/softfp/libc_nano.a(lib_a-atexit.o)
 .debug_abbrev  0x0000000000000000       0xb7 /usr/lib/gcc/arm-none-eabi/10.3.1/../../../arm-none-eabi/lib/thumb/v7e-m+fp/softfp/libc_nano.a(lib_a-atexit.o)
 .debug_loc     0x0000000000000000       0x32 /usr/lib/gcc/arm-none-eabi/10.3.1/../../../arm-none-eabi/lib/thumb/v7e-m+fp/softfp/libc_nano.a(lib_a-atexit.o)
 .debug_aranges
                0x0000000000000000       0x20 /usr/lib/gcc/arm-none-eabi/10.3.1/../../../arm-none-eabi/lib/thumb/v7e-m+fp/softfp/libc_nano.a(lib_a-atexit.o)
 .debug_line    0x0000000000000000       0xc0 /usr/lib/gcc/arm-none-eabi/10.3.1/../../../arm-none-eabi/lib/thumb/v7e-m+fp/softfp/libc_nano.a(lib_a-atexit.o)
 .debug_str     0x0000000000000000      0x1ef /usr/lib/gcc/arm-none-eabi/10.3.1/../../../arm-none-eabi/lib/thumb/v7e-m+fp/softfp/libc_nano.a(lib_a-atexit.o)
 .comment       0x0000000000000000       0x34 /usr/lib/gcc/arm-none-eabi/10.3.1/../../../arm-none-eabi/lib/thumb/v7e-m+fp/softfp/libc_nano.a(lib_a-atexit.o)
 .debug_frame   0x0000000000000000       0x20 /usr/lib/gcc/arm-none-eabi/10.3.1/../../../arm-none-eabi/lib/thumb/v7e-m+fp/softfp/libc_nano.a(lib_a-atexit.o)
 .ARM.attributes
                0x0000000000000000       0x32 /usr/lib/gcc/arm-none-eabi/10.3.1/../../../arm-none-eabi/lib/thumb/v7e-m+fp/softfp/libc_nano.a(lib_a-atexit.o)
 .text          0x0000000000000000       0x28 /usr/lib/gcc/arm-none-eabi/10.3.1/../../../arm-none-eabi/lib/thumb/v7e-m+fp/softfp/libc_nano.a(lib_a-exit.o)
 .data          0x0000000000000000        0x0 /usr/lib/gcc/arm-none-eabi/10.3.1/../../../arm-none-eabi/lib/thumb/v7e-m+fp/softfp/libc_nano.a(lib_a-exit.o)
 .bss           0x0000000000000000        0x0 /usr/lib/gcc/arm-none-eabi/10.3.1/../../../arm-none-eabi/lib/thumb/v7e-m+fp/softfp/libc_nano.a(lib_a-exit.o)
 .debug_info    0x0000000000000000      0x81a /usr/lib/gcc/arm-none-eabi/10.3.1/../../../arm-none-eabi/lib/thumb/v7e-m+fp/softfp/libc_nano.a(lib_a-exit.o)
 .debug_abbrev  0x0000000000000000      0x1ba /usr/lib/gcc/arm-none-eabi/10.3.1/../../../arm-none-eabi/lib/thumb/v7e-m+fp/softfp/libc_nano.a(lib_a-exit.o)
 .debug_loc     0x0000000000000000       0x22 /usr/lib/gcc/arm-none-eabi/10.3.1/../../../arm-none-eabi/lib/thumb/v7e-m+fp/softfp/libc_nano.a(lib_a-exit.o)
 .debug_aranges
                0x0000000000000000       0x20 /usr/lib/gcc/arm-none-eabi/10.3.1/../../../arm-none-eabi/lib/thumb/v7e-m+fp/softfp/libc_nano.a(lib_a-exit.o)
 .debug_line    0x0000000000000000      0x16d /usr/lib/gcc/arm-none-eabi/10.3.1/../../../arm-none-eabi/lib/thumb/v7e-m+fp/softfp/libc_nano.a(lib_a-exit.o)
 .debug_str     0x0000000000000000      0x52e /usr/lib/gcc/arm-none-eabi/10.3.1/../../../arm-none-eabi/lib/thumb/v7e-m+fp/softfp/libc_nano.a(lib_a-exit.o)
 .comment       0x0000000000000000       0x34 /usr/lib/gcc/arm-none-eabi/10.3.1/../../../arm-none-eabi/lib/thumb/v7e-m+fp/softfp/libc_nano.a(lib_a-exit.o)
 .debug_frame   0x0000000000000000       0x28 /usr/lib/gcc/arm-none-eabi/10.3.1/../../../arm-none-eabi/lib/thumb/v7e-m+fp/softfp/libc_nano.a(lib_a-exit.o)
 .ARM.attributes
                0x0000000000000000       0x32 /usr/lib/gcc/arm-none-eabi/10.3.1/../../../arm-none-eabi/lib/thumb/v7e-m+fp/softfp/libc_nano.a(lib_a-exit.o)
 .text          0x0000000000000000       0x2c /usr/lib/gcc/arm-none-eabi/10.3.1/../../../arm-none-eabi/lib/thumb/v7e-m+fp/softfp/libc_nano.a(lib_a-fini.o)
 .data          0x0000000000000000        0x0 /usr/lib/gcc/arm-none-eabi/10.3.1/../../../arm-none-eabi/lib/thumb/v7e-m+fp/softfp/libc_nano.a(lib_a-fini.o)
 .bss           0x0000000000000000        0x0 /usr/lib/gcc/arm-none-eabi/10.3.1/../../../arm-none-eabi/lib/thumb/v7e-m+fp/softfp/libc_nano.a(lib_a-fini.o)
 .debug_info    0x0000000000000000      0x102 /usr/lib/gcc/arm-none-eabi/10.3.1/../../../arm-none-eabi/lib/thumb/v7e-m+fp/softfp/libc_nano.a(lib_a-fini.o)
 .debug_abbrev  0x0000000000000000       0xcf /usr/lib/gcc/arm-none-eabi/10.3.1/../../../arm-none-eabi/lib/thumb/v7e-m+fp/softfp/libc_nano.a(lib_a-fini.o)
 .debug_loc     0x0000000000000000       0x68 /usr/lib/gcc/arm-none-eabi/10.3.1/../../../arm-none-eabi/lib/thumb/v7e-m+fp/softfp/libc_nano.a(lib_a-fini.o)
 .debug_aranges
                0x0000000000000000       0x20 /usr/lib/gcc/arm-none-eabi/10.3.1/../../../arm-none-eabi/lib/thumb/v7e-m+fp/softfp/libc_nano.a(lib_a-fini.o)
 .debug_line    0x0000000000000000       0xed /usr/lib/gcc/arm-none-eabi/10.3.1/../../../arm-none-eabi/lib/thumb/v7e-m+fp/softfp/libc_nano.a(lib_a-fini.o)
 .debug_str     0x0000000000000000      0x1e7 /usr/lib/gcc/arm-none-eabi/10.3.1/../../../arm-none-eabi/lib/thumb/v7e-m+fp/softfp/libc_nano.a(lib_a-fini.o)
 .comment       0x0000000000000000       0x34 /usr/lib/gcc/arm-none-eabi/10.3.1/../../../arm-none-eabi/lib/thumb/v7e-m+fp/softfp/libc_nano.a(lib_a-fini.o)
 .debug_frame   0x0000000000000000       0x34 /usr/lib/gcc/arm-none-eabi/10.3.1/../../../arm-none-eabi/lib/thumb/v7e-m+fp/softfp/libc_nano.a(lib_a-fini.o)
 .ARM.attributes
                0x0000000000000000       0x32 /usr/lib/gcc/arm-none-eabi/10.3.1/../../../arm-none-eabi/lib/thumb/v7e-m+fp/softfp/libc_nano.a(lib_a-fini.o)
 .text          0x0000000000000000        0x0 /usr/lib/gcc/arm-none-eabi/10.3.1/../../../arm-none-eabi/lib/thumb/v7e-m+fp/softfp/libc_nano.a(lib_a-impure.o)
 .data          0x0000000000000000       0x64 /usr/lib/gcc/arm-none-eabi/10.3.1/../../../arm-none-eabi/lib/thumb/v7e-m+fp/softfp/libc_nano.a(lib_a-impure.o)
 .bss           0x0000000000000000        0x0 /usr/lib/gcc/arm-none-eabi/10.3.1/../../../arm-none-eabi/lib/thumb/v7e-m+fp/softfp/libc_nano.a(lib_a-impure.o)
 .rodata        0x0000000000000000        0x4 /usr/lib/gcc/arm-none-eabi/10.3.1/../../../arm-none-eabi/lib/thumb/v7e-m+fp/softfp/libc_nano.a(lib_a-impure.o)
 .debug_info    0x0000000000000000      0x863 /usr/lib/gcc/arm-none-eabi/10.3.1/../../../arm-none-eabi/lib/thumb/v7e-m+fp/softfp/libc_nano.a(lib_a-impure.o)
 .debug_abbrev  0x0000000000000000      0x151 /usr/lib/gcc/arm-none-eabi/10.3.1/../../../arm-none-eabi/lib/thumb/v7e-m+fp/softfp/libc_nano.a(lib_a-impure.o)
 .debug_aranges
                0x0000000000000000       0x18 /usr/lib/gcc/arm-none-eabi/10.3.1/../../../arm-none-eabi/lib/thumb/v7e-m+fp/softfp/libc_nano.a(lib_a-impure.o)
 .debug_line    0x0000000000000000       0xe4 /usr/lib/gcc/arm-none-eabi/10.3.1/../../../arm-none-eabi/lib/thumb/v7e-m+fp/softfp/libc_nano.a(lib_a-impure.o)
 .debug_str     0x0000000000000000      0x564 /usr/lib/gcc/arm-none-eabi/10.3.1/../../../arm-none-eabi/lib/thumb/v7e-m+fp/softfp/libc_nano.a(lib_a-impure.o)
 .comment       0x0000000000000000       0x34 /usr/lib/gcc/arm-none-eabi/10.3.1/../../../arm-none-eabi/lib/thumb/v7e-m+fp/softfp/libc_nano.a(lib_a-impure.o)
 .ARM.attributes
                0x0000000000000000       0x30 /usr/lib/gcc/arm-none-eabi/10.3.1/../../../arm-none-eabi/lib/thumb/v7e-m+fp/softfp/libc_nano.a(lib_a-impure.o)
 .text          0x0000000000000000       0x48 /usr/lib/gcc/arm-none-eabi/10.3.1/../../../arm-none-eabi/lib/thumb/v7e-m+fp/softfp/libc_nano.a(lib_a-init.o)
 .data          0x0000000000000000        0x0 /usr/lib/gcc/arm-none-eabi/10.3.1/../../../arm-none-eabi/lib/thumb/v7e-m+fp/softfp/libc_nano.a(lib_a-init.o)
 .bss           0x0000000000000000        0x0 /usr/lib/gcc/arm-none-eabi/10.3.1/../../../arm-none-eabi/lib/thumb/v7e-m+fp/softfp/libc_nano.a(lib_a-init.o)
 .debug_info    0x0000000000000000      0x11a /usr/lib/gcc/arm-none-eabi/10.3.1/../../../arm-none-eabi/lib/thumb/v7e-m+fp/softfp/libc_nano.a(lib_a-init.o)
 .debug_abbrev  0x0000000000000000       0xcc /usr/lib/gcc/arm-none-eabi/10.3.1/../../../arm-none-eabi/lib/thumb/v7e-m+fp/softfp/libc_nano.a(lib_a-init.o)
 .debug_loc     0x0000000000000000       0xba /usr/lib/gcc/arm-none-eabi/10.3.1/../../../arm-none-eabi/lib/thumb/v7e-m+fp/softfp/libc_nano.a(lib_a-init.o)
 .debug_aranges
                0x0000000000000000       0x20 /usr/lib/gcc/arm-none-eabi/10.3.1/../../../arm-none-eabi/lib/thumb/v7e-m+fp/softfp/libc_nano.a(lib_a-init.o)
 .debug_line    0x0000000000000000      0x138 /usr/lib/gcc/arm-none-eabi/10.3.1/../../../arm-none-eabi/lib/thumb/v7e-m+fp/softfp/libc_nano.a(lib_a-init.o)
 .debug_str     0x0000000000000000      0x211 /usr/lib/gcc/arm-none-eabi/10.3.1/../../../arm-none-eabi/lib/thumb/v7e-m+fp/softfp/libc_nano.a(lib_a-init.o)
 .comment       0x0000000000000000       0x34 /usr/lib/gcc/arm-none-eabi/10.3.1/../../../arm-none-eabi/lib/thumb/v7e-m+fp/softfp/libc_nano.a(lib_a-init.o)
 .debug_frame   0x0000000000000000       0x2c /usr/lib/gcc/arm-none-eabi/10.3.1/../../../arm-none-eabi/lib/thumb/v7e-m+fp/softfp/libc_nano.a(lib_a-init.o)
 .ARM.attributes
                0x0000000000000000       0x32 /usr/lib/gcc/arm-none-eabi/10.3.1/../../../arm-none-eabi/lib/thumb/v7e-m+fp/softfp/libc_nano.a(lib_a-init.o)
 .data          0x0000000000000000        0x0 /usr/lib/gcc/arm-none-eabi/10.3.1/../../../arm-none-eabi/lib/thumb/v7e-m+fp/softfp/libc_nano.a(lib_a-memcpy.o)
 .bss           0x0000000000000000        0x0 /usr/lib/gcc/arm-none-eabi/10.3.1/../../../arm-none-eabi/lib/thumb/v7e-m+fp/softfp/libc_nano.a(lib_a-memcpy.o)
 .data          0x0000000000000000        0x0 /usr/lib/gcc/arm-none-eabi/10.3.1/../../../arm-none-eabi/lib/thumb/v7e-m+fp/softfp/libc_nano.a(lib_a-memset.o)
 .bss           0x0000000000000000        0x0 /usr/lib/gcc/arm-none-eabi/10.3.1/../../../arm-none-eabi/lib/thumb/v7e-m+fp/softfp/libc_nano.a(lib_a-memset.o)
 .text          0x0000000000000000       0xac /usr/lib/gcc/arm-none-eabi/10.3.1/../../../arm-none-eabi/lib/thumb/v7e-m+fp/softfp/libc_nano.a(lib_a-__atexit.o)
 .data          0x0000000000000000        0x4 /usr/lib/gcc/arm-none-eabi/10.3.1/../../../arm-none-eabi/lib/thumb/v7e-m+fp/softfp/libc_nano.a(lib_a-__atexit.o)
 .bss           0x0000000000000000       0x8c /usr/lib/gcc/arm-none-eabi/10.3.1/../../../arm-none-eabi/lib/thumb/v7e-m+fp/softfp/libc_nano.a(lib_a-__atexit.o)
 .debug_info    0x0000000000000000      0x269 /usr/lib/gcc/arm-none-eabi/10.3.1/../../../arm-none-eabi/lib/thumb/v7e-m+fp/softfp/libc_nano.a(lib_a-__atexit.o)
 .debug_abbrev  0x0000000000000000      0x1bd /usr/lib/gcc/arm-none-eabi/10.3.1/../../../arm-none-eabi/lib/thumb/v7e-m+fp/softfp/libc_nano.a(lib_a-__atexit.o)
 .debug_loc     0x0000000000000000      0x1f5 /usr/lib/gcc/arm-none-eabi/10.3.1/../../../arm-none-eabi/lib/thumb/v7e-m+fp/softfp/libc_nano.a(lib_a-__atexit.o)
 .debug_aranges
                0x0000000000000000       0x20 /usr/lib/gcc/arm-none-eabi/10.3.1/../../../arm-none-eabi/lib/thumb/v7e-m+fp/softfp/libc_nano.a(lib_a-__atexit.o)
 .debug_line    0x0000000000000000      0x1ec /usr/lib/gcc/arm-none-eabi/10.3.1/../../../arm-none-eabi/lib/thumb/v7e-m+fp/softfp/libc_nano.a(lib_a-__atexit.o)
 .debug_str     0x0000000000000000      0x29d /usr/lib/gcc/arm-none-eabi/10.3.1/../../../arm-none-eabi/lib/thumb/v7e-m+fp/softfp/libc_nano.a(lib_a-__atexit.o)
 .comment       0x0000000000000000       0x34 /usr/lib/gcc/arm-none-eabi/10.3.1/../../../arm-none-eabi/lib/thumb/v7e-m+fp/softfp/libc_nano.a(lib_a-__atexit.o)
 .debug_frame   0x0000000000000000       0x38 /usr/lib/gcc/arm-none-eabi/10.3.1/../../../arm-none-eabi/lib/thumb/v7e-m+fp/softfp/libc_nano.a(lib_a-__atexit.o)
 .ARM.attributes
                0x0000000000000000       0x32 /usr/lib/gcc/arm-none-eabi/10.3.1/../../../arm-none-eabi/lib/thumb/v7e-m+fp/softfp/libc_nano.a(lib_a-__atexit.o)
 .text          0x0000000000000000       0xc8 /usr/lib/gcc/arm-none-eabi/10.3.1/../../../arm-none-eabi/lib/thumb/v7e-m+fp/softfp/libc_nano.a(lib_a-__call_atexit.o)
 .data          0x0000000000000000        0x0 /usr/lib/gcc/arm-none-eabi/10.3.1/../../../arm-none-eabi/lib/thumb/v7e-m+fp/softfp/libc_nano.a(lib_a-__call_atexit.o)
 .bss           0x0000000000000000        0x4 /usr/lib/gcc/arm-none-eabi/10.3.1/../../../arm-none-eabi/lib/thumb/v7e-m+fp/softfp/libc_nano.a(lib_a-__call_atexit.o)
 .debug_info    0x0000000000000000      0x249 /usr/lib/gcc/arm-none-eabi/10.3.1/../../../arm-none-eabi/lib/thumb/v7e-m+fp/softfp/libc_nano.a(lib_a-__call_atexit.o)
 .debug_abbrev  0x0000000000000000      0x179 /usr/lib/gcc/arm-none-eabi/10.3.1/../../../arm-none-eabi/lib/thumb/v7e-m+fp/softfp/libc_nano.a(lib_a-__call_atexit.o)
 .debug_loc     0x0000000000000000      0x19b /usr/lib/gcc/arm-none-eabi/10.3.1/../../../arm-none-eabi/lib/thumb/v7e-m+fp/softfp/libc_nano.a(lib_a-__call_atexit.o)
 .debug_aranges
                0x0000000000000000       0x20 /usr/lib/gcc/arm-none-eabi/10.3.1/../../../arm-none-eabi/lib/thumb/v7e-m+fp/softfp/libc_nano.a(lib_a-__call_atexit.o)
 .debug_ranges  0x0000000000000000       0x30 /usr/lib/gcc/arm-none-eabi/10.3.1/../../../arm-none-eabi/lib/thumb/v7e-m+fp/softfp/libc_nano.a(lib_a-__call_atexit.o)
 .debug_line    0x0000000000000000      0x1eb /usr/lib/gcc/arm-none-eabi/10.3.1/../../../arm-none-eabi/lib/thumb/v7e-m+fp/softfp/libc_nano.a(lib_a-__call_atexit.o)
 .debug_str     0x0000000000000000      0x261 /usr/lib/gcc/arm-none-eabi/10.3.1/../../../arm-none-eabi/lib/thumb/v7e-m+fp/softfp/libc_nano.a(lib_a-__call_atexit.o)
 .comment       0x0000000000000000       0x34 /usr/lib/gcc/arm-none-eabi/10.3.1/../../../arm-none-eabi/lib/thumb/v7e-m+fp/softfp/libc_nano.a(lib_a-__call_atexit.o)
 .debug_frame   0x0000000000000000       0x4c /usr/lib/gcc/arm-none-eabi/10.3.1/../../../arm-none-eabi/lib/thumb/v7e-m+fp/softfp/libc_nano.a(lib_a-__call_atexit.o)
 .ARM.attributes
                0x0000000000000000       0x32 /usr/lib/gcc/arm-none-eabi/10.3.1/../../../arm-none-eabi/lib/thumb/v7e-m+fp/softfp/libc_nano.a(lib_a-__call_atexit.o)
 .text          0x0000000000000000        0x4 /usr/lib/gcc/arm-none-eabi/10.3.1/../../../arm-none-eabi/lib/thumb/v7e-m+fp/softfp/libnosys.a(_exit.o)
 .data          0x0000000000000000        0x0 /usr/lib/gcc/arm-none-eabi/10.3.1/../../../arm-none-eabi/lib/thumb/v7e-m+fp/softfp/libnosys.a(_exit.o)
 .bss           0x0000000000000000        0x0 /usr/lib/gcc/arm-none-eabi/10.3.1/../../../arm-none-eabi/lib/thumb/v7e-m+fp/softfp/libnosys.a(_exit.o)
 .debug_info    0x0000000000000000       0xa3 /usr/lib/gcc/arm-none-eabi/10.3.1/../../../arm-none-eabi/lib/thumb/v7e-m+fp/softfp/libnosys.a(_exit.o)
 .debug_abbrev  0x0000000000000000       0x6a /usr/lib/gcc/arm-none-eabi/10.3.1/../../../arm-none-eabi/lib/thumb/v7e-m+fp/softfp/libnosys.a(_exit.o)
 .debug_loc     0x0000000000000000       0x15 /usr/lib/gcc/arm-none-eabi/10.3.1/../../../arm-none-eabi/lib/thumb/v7e-m+fp/softfp/libnosys.a(_exit.o)
 .debug_aranges
                0x0000000000000000       0x20 /usr/lib/gcc/arm-none-eabi/10.3.1/../../../arm-none-eabi/lib/thumb/v7e-m+fp/softfp/libnosys.a(_exit.o)
 .debug_line    0x0000000000000000       0x75 /usr/lib/gcc/arm-none-eabi/10.3.1/../../../arm-none-eabi/lib/thumb/v7e-m+fp/softfp/libnosys.a(_exit.o)
 .debug_str     0x0000000000000000      0x185 /usr/lib/gcc/arm-none-eabi/10.3.1/../../../arm-none-eabi/lib/thumb/v7e-m+fp/softfp/libnosys.a(_exit.o)
 .comment       0x0000000000000000       0x34 /usr/lib/gcc/arm-none-eabi/10.3.1/../../../arm-none-eabi/lib/thumb/v7e-m+fp/softfp/libnosys.a(_exit.o)
 .debug_frame   0x0000000000000000       0x20 /usr/lib/gcc/arm-none-eabi/10.3.1/../../../arm-none-eabi/lib/thumb/v7e-m+fp/softfp/libnosys.a(_exit.o)
 .ARM.attributes
                0x0000000000000000       0x32 /usr/lib/gcc/arm-none-eabi/10.3.1/../../../arm-none-eabi/lib/thumb/v7e-m+fp/softfp/libnosys.a(_exit.o)
 .text          0x0000000000000000        0x0 /usr/lib/gcc/arm-none-eabi/10.3.1/thumb/v7e-m+fp/softfp/crtend.o
 .data          0x0000000000000000        0x0 /usr/lib/gcc/arm-none-eabi/10.3.1/thumb/v7e-m+fp/softfp/crtend.o
 .bss           0x0000000000000000        0x0 /usr/lib/gcc/arm-none-eabi/10.3.1/thumb/v7e-m+fp/softfp/crtend.o
 .rodata        0x0000000000000000       0x24 /usr/lib/gcc/arm-none-eabi/10.3.1/thumb/v7e-m+fp/softfp/crtend.o
 .eh_frame      0x0000000000000000        0x4 /usr/lib/gcc/arm-none-eabi/10.3.1/thumb/v7e-m+fp/softfp/crtend.o
 .tm_clone_table
                0x0000000000000000        0x0 /usr/lib/gcc/arm-none-eabi/10.3.1/thumb/v7e-m+fp/softfp/crtend.o
 .comment       0x0000000000000000       0x34 /usr/lib/gcc/arm-none-eabi/10.3.1/thumb/v7e-m+fp/softfp/crtend.o
 .ARM.attributes
                0x0000000000000000       0x30 /usr/lib/gcc/arm-none-eabi/10.3.1/thumb/v7e-m+fp/softfp/crtend.o
 .text          0x0000000000000000        0x0 /usr/lib/gcc/arm-none-eabi/10.3.1/thumb/v7e-m+fp/softfp/crtn.o
 .data          0x0000000000000000        0x0 /usr/lib/gcc/arm-none-eabi/10.3.1/thumb/v7e-m+fp/softfp/crtn.o
 .bss           0x0000000000000000        0x0 /usr/lib/gcc/arm-none-eabi/10.3.1/thumb/v7e-m+fp/softfp/crtn.o
 .init          0x0000000000000000        0x8 /usr/lib/gcc/arm-none-eabi/10.3.1/thumb/v7e-m+fp/softfp/crtn.o
 .fini          0x0000000000000000        0x8 /usr/lib/gcc/arm-none-eabi/10.3.1/thumb/v7e-m+fp/softfp/crtn.o
 .ARM.attributes
                0x0000000000000000       0x1e /usr/lib/gcc/arm-none-eabi/10.3.1/thumb/v7e-m+fp/softfp/crtn.o

Memory Configuration

Name             Origin             Length             Attributes
MFlashA512       0x000000001a000000 0x0000000000080000 xr
MFlashB512       0x000000001b000000 0x0000000000080000 xr
RamLoc32         0x0000000010000000 0x0000000000008000 xrw
RamLoc40         0x0000000010080000 0x000000000000a000 xrw
RamAHB32         0x0000000020000000 0x0000000000008000 xrw
RamAHB16         0x0000000020008000 0x0000000000004000 xrw
RamAHB_ETB16     0x000000002000c000 0x0000000000004000 xrw
*default*        0x0000000000000000 0xffffffffffffffff

Linker script and memory map

LOAD /usr/lib/gcc/arm-none-eabi/10.3.1/thumb/v7e-m+fp/softfp/crti.o
LOAD /usr/lib/gcc/arm-none-eabi/10.3.1/thumb/v7e-m+fp/softfp/crtbegin.o
LOAD /usr/lib/gcc/arm-none-eabi/10.3.1/../../../arm-none-eabi/lib/thumb/v7e-m+fp/softfp/crt0.o
LOAD build/obj/src/bsp.o
LOAD build/obj/src/digital.o
LOAD build/obj/src/main.o
LOAD build/obj/src/pantalla.o
LOAD build/obj/external/base/soc/lpc43xx/startup/cr_startup_lpc43xx.o
LOAD build/lib/board/edu-ciaa-nxp.a
START GROUP
LOAD /usr/lib/gcc/arm-none-eabi/10.3.1/thumb/v7e-m+fp/softfp/libgcc.a
LOAD /usr/lib/gcc/arm-none-eabi/10.3.1/../../../arm-none-eabi/lib/thumb/v7e-m+fp/softfp/libc_nano.a
END GROUP
START GROUP
LOAD /usr/lib/gcc/arm-none-eabi/10.3.1/thumb/v7e-m+fp/softfp/libgcc.a
LOAD /usr/lib/gcc/arm-none-eabi/10.3.1/../../../arm-none-eabi/lib/thumb/v7e-m+fp/softfp/libc_nano.a
LOAD /usr/lib/gcc/arm-none-eabi/10.3.1/../../../arm-none-eabi/lib/thumb/v7e-m+fp/softfp/libnosys.a
END GROUP
START GROUP
LOAD /usr/lib/gcc/arm-none-eabi/10.3.1/thumb/v7e-m+fp/softfp/libgcc.a
LOAD /usr/lib/gcc/arm-none-eabi/10.3.1/../../../arm-none-eabi/lib/thumb/v7e-m+fp/softfp/libc_nano.a
LOAD /usr/lib/gcc/arm-none-eabi/10.3.1/../../../arm-none-eabi/lib/thumb/v7e-m+fp/softfp/libnosys.a
END GROUP
LOAD /usr/lib/gcc/arm-none-eabi/10.3.1/thumb/v7e-m+fp/softfp/crtend.o
LOAD /usr/lib/gcc/arm-none-eabi/10.3.1/thumb/v7e-m+fp/softfp/crtn.o
                0x000000001a000000                __base_MFlashA512 = 0x1a000000
                0x000000001a000000                __base_Flash = 0x1a000000
                0x000000001a080000                __top_MFlashA512 = 0x1a080000
                0x000000001a080000                __top_Flash = 0x1a080000
                0x000000001b000000                __base_MFlashB512 = 0x1b000000
                0x000000001b000000                __base_Flash2 = 0x1b000000
                0x000000001b080000                __top_MFlashB512 = 0x1b080000
                0x000000001b080000                __top_Flash2 = 0x1b080000
                0x0000000010000000                __base_RamLoc32 = 0x10000000
                0x0000000010000000                __base_RAM = 0x10000000
                0x0000000010008000                __top_RamLoc32 = 0x10008000
                0x0000000010008000                __top_RAM = 0x10008000
                0x0000000010080000                __base_RamLoc40 = 0x10080000
                0x0000000010080000                __base_RAM2 = 0x10080000
                0x000000001008a000                __top_RamLoc40 = 0x1008a000
                0x000000001008a000                __top_RAM2 = 0x1008a000
                0x0000000020000000                __base_RamAHB32 = 0x20000000
                0x0000000020000000                __base_RAM3 = 0x20000000
                0x0000000020008000                __top_RamAHB32 = 0x20008000
                0x0000000020008000                __top_RAM3 = 0x20008000
                0x0000000020008000                __base_RamAHB16 = 0x20008000
                0x0000000020008000                __base_RAM4 = 0x20008000
                0x000000002000c000                __top_RamAHB16 = 0x2000c000
                0x000000002000c000                __top_RAM4 = 0x2000c000
                0x000000002000c000                __base_RamAHB_ETB16 = 0x2000c000
                0x000000002000c000                __base_RAM5 = 0x2000c000
                0x0000000020010000                __top_RamAHB_ETB16 = 0x20010000
                0x0000000020010000                __top_RAM5 = 0x20010000

.text_Flash2    0x000000001b000000        0x0
 FILL mask 0xff
 *(.text_Flash2*)
 *(.text_MFlashB512*)
 *(.text.$Flash2*)
 *(.text.$MFlashB512*)
 *(.rodata.$Flash2*)
 *(.rodata.$MFlashB512*)

.text           0x000000001a000000      0x234
 FILL mask 0xff
                0x000000001a000000                __vectors_start__ = ABSOLUTE (.)
 *(.isr_vector)
 .isr_vector    0x000000001a000000      0x114 build/obj/external/base/soc/lpc43xx/startup/cr_startup_lpc43xx.o
                0x000000001a000000                g_pfnVectors
                0x000000001a000114                . = ALIGN (0x4)
                0x000000001a000114                __section_table_start = .
                0x000000001a000114                __data_section_table = .
                0x000000001a000114        0x4 LONG 0x1a000eb8 LOADADDR (.data)
                0x000000001a000118        0x4 LONG 0x10000000 ADDR (.data)
                0x000000001a00011c        0x4 LONG 0x0 SIZEOF (.data)
                0x000000001a000120        0x4 LONG 0x1a000eb8 LOADADDR (.data_RAM2)
                0x000000001a000124        0x4 LONG 0x10080000 ADDR (.data_RAM2)
                0x000000001a000128        0x4 LONG 0x0 SIZEOF (.data_RAM2)
                0x000000001a00012c        0x4 LONG 0x1a000eb8 LOADADDR (.data_RAM3)
                0x000000001a000130        0x4 LONG 0x20000000 ADDR (.data_RAM3)
                0x000000001a000134        0x4 LONG 0x0 SIZEOF (.data_RAM3)
                0x000000001a000138        0x4 LONG 0x1a000eb8 LOADADDR (.data_RAM4)
                0x000000001a00013c        0x4 LONG 0x20008000 ADDR (.data_RAM4)
                0x000000001a000140        0x4 LONG 0x0 SIZEOF (.data_RAM4)
                0x000000001a000144        0x4 LONG 0x1a000eb8 LOADADDR (.data_RAM5)
                0x000000001a000148        0x4 LONG 0x2000c000 ADDR (.data_RAM5)
                0x000000001a00014c        0x4 LONG 0x0 SIZEOF (.data_RAM5)
                0x000000001a000150                __data_section_table_end = .
                0x000000001a000150                __bss_section_table = .
                0x000000001a000150        0x4 LONG 0x10000000 ADDR (.bss)
                0x000000001a000154        0x4 LONG 0x54 SIZEOF (.bss)
                0x000000001a000158        0x4 LONG 0x10080000 ADDR (.bss_RAM2)
                0x000000001a00015c        0x4 LONG 0x0 SIZEOF (.bss_RAM2)
                0x000000001a000160        0x4 LONG 0x20000000 ADDR (.bss_RAM3)
                0x000000001a000164        0x4 LONG 0x0 SIZEOF (.bss_RAM3)
                0x000000001a000168        0x4 LONG 0x20008000 ADDR (.bss_RAM4)
                0x000000001a00016c        0x4 LONG 0x0 SIZEOF (.bss_RAM4)
                0x000000001a000170        0x4 LONG 0x2000c000 ADDR (.bss_RAM5)
                0x000000001a000174        0x4 LONG 0x0 SIZEOF (.bss_RAM5)
                0x000000001a000178                __bss_section_table_end = .
                0x000000001a000178                __section_table_end = .
 *(.after_vectors*)
 .after_vectors
                0x000000001a000178       0xbc build/obj/external/base/soc/lpc43xx/startup/cr_startup_lpc43xx.o
                0x000000001a000178                data_init
                0x000000001a0001be                bss_init
                0x000000001a0001f8                NMI_Handler
                0x000000001a0001fe                HardFault_Handler
                0x000000001a000204                MemManage_Handler
                0x000000001a00020a                BusFault_Handler
                0x000000001a000210                UsageFault_Handler
                0x000000001a000216                SVC_Handler
                0x000000001a00021c                DebugMon_Handler
                0x000000001a000222                PendSV_Handler
                0x000000001a000228                SysTick_Handler
                0x000000001a00022e                TIMER2_IRQHandler
                0x000000001a00022e                RIT_IRQHandler
                0x000000001a00022e                FLASH_EEPROM_IRQHandler
                0x000000001a00022e                I2C0_IRQHandler
                0x000000001a00022e                SDIO_IRQHandler
                0x000000001a00022e                ATIMER_IRQHandler
                0x000000001a00022e                I2C1_IRQHandler
                0x000000001a00022e                UART1_IRQHandler
                0x000000001a00022e                GPIO5_IRQHandler
                0x000000001a00022e                CAN1_IRQHandler
                0x000000001a00022e                USB1_IRQHandler
                0x000000001a00022e                I2S0_IRQHandler
                0x000000001a00022e                TIMER3_IRQHandler
                0x000000001a00022e                UART0_IRQHandler
                0x000000001a00022e                SGPIO_IRQHandler
                0x000000001a00022e                ADC0_IRQHandler
                0x000000001a00022e                GPIO6_IRQHandler
                0x000000001a00022e                IntDefaultHandler
                0x000000001a00022e                GPIO1_IRQHandler
                0x000000001a00022e                SSP0_IRQHandler
                0x000000001a00022e                ADC1_IRQHandler
                0x000000001a00022e                RTC_IRQHandler
                0x000000001a00022e                TIMER0_IRQHandler
                0x000000001a00022e                SPI_IRQHandler
                0x000000001a00022e                LCD_IRQHandler
                0x000000001a00022e                VADC_IRQHandler
                0x000000001a00022e                TIMER1_IRQHandler
                0x000000001a00022e                UART2_IRQHandler
                0x000000001a00022e                GPIO2_IRQHandler
                0x000000001a00022e                I2S1_IRQHandler
                0x000000001a00022e                SSP1_IRQHandler
                0x000000001a00022e                USB0_IRQHandler
                0x000000001a00022e                GPIO3_IRQHandler
                0x000000001a00022e                SCT_IRQHandler
                0x000000001a00022e                WDT_IRQHandler
                0x000000001a00022e                GPIO7_IRQHandler
                0x000000001a00022e                SPIFI_IRQHandler
                0x000000001a00022e                QEI_IRQHandler
                0x000000001a00022e                ETH_IRQHandler
                0x000000001a00022e                M0CORE_IRQHandler
                0x000000001a00022e                CAN0_IRQHandler
                0x000000001a00022e                GINT0_IRQHandler
                0x000000001a00022e                DAC_IRQHandler
                0x000000001a00022e                M0SUB_IRQHandler
                0x000000001a00022e                GPIO0_IRQHandler
                0x000000001a00022e                DMA_IRQHandler
                0x000000001a00022e                EVRT_IRQHandler
                0x000000001a00022e                UART3_IRQHandler
                0x000000001a00022e                MCPWM_IRQHandler
                0x000000001a00022e                GINT1_IRQHandler
                0x000000001a00022e                GPIO4_IRQHandler

.glue_7         0x000000001a000234        0x0
 .glue_7        0x000000001a000234        0x0 linker stubs

.glue_7t        0x000000001a000234        0x0
 .glue_7t       0x000000001a000234        0x0 linker stubs

.vfp11_veneer   0x000000001a000234        0x0
 .vfp11_veneer  0x000000001a000234        0x0 linker stubs

.v4_bx          0x000000001a000234        0x0
 .v4_bx         0x000000001a000234        0x0 linker stubs

.init           0x000000001a000234        0x4
 .init          0x000000001a000234        0x4 /usr/lib/gcc/arm-none-eabi/10.3.1/thumb/v7e-m+fp/softfp/crti.o
                0x000000001a000234                _init

.fini           0x000000001a000238        0x4
 .fini          0x000000001a000238        0x4 /usr/lib/gcc/arm-none-eabi/10.3.1/thumb/v7e-m+fp/softfp/crti.o
                0x000000001a000238                _fini

.iplt           0x000000001a00023c        0x0
 .iplt          0x000000001a00023c        0x0 build/obj/src/bsp.o

.text           0x000000001a00023c      0xc7c
 *(.text*)
 .text.Chip_SCU_PinMuxSet
                0x000000001a00023c       0x34 build/obj/src/bsp.o
 .text.Chip_GPIO_SetPinState
                0x000000001a000270       0x38 build/obj/src/bsp.o
 .text.Chip_GPIO_SetPinDIROutput
                0x000000001a0002a8       0x3e build/obj/src/bsp.o
 .text.Chip_GPIO_SetPinDIRInput
                0x000000001a0002e6       0x40 build/obj/src/bsp.o
 .text.Chip_GPIO_SetPinDIR
                0x000000001a000326       0x42 build/obj/src/bsp.o
 .text.Chip_GPIO_SetValue
                0x000000001a000368       0x28 build/obj/src/bsp.o
 .text.Chip_GPIO_ClearValue
                0x000000001a000390       0x28 build/obj/src/bsp.o
 .text.DigitsInit
                0x000000001a0003b8       0x94 build/obj/src/bsp.o
                0x000000001a0003b8                DigitsInit
 .text.SegmentsInit
                0x000000001a00044c      0x11c build/obj/src/bsp.o
                0x000000001a00044c                SegmentsInit
 .text.BuzzerInit
                0x000000001a000568       0x24 build/obj/src/bsp.o
                0x000000001a000568                BuzzerInit
 .text.KeysInit
                0x000000001a00058c       0xa8 build/obj/src/bsp.o
                0x000000001a00058c                KeysInit
 .text.ScreenTurnOff
                0x000000001a000634       0x2c build/obj/src/bsp.o
                0x000000001a000634                ScreenTurnOff
 .text.SegmentsTurnOn
                0x000000001a000660       0x40 build/obj/src/bsp.o
                0x000000001a000660                SegmentsTurnOn
 .text.DigitTurnOn
                0x000000001a0006a0       0x2c build/obj/src/bsp.o
                0x000000001a0006a0                DigitTurnOn
 .text.BoardCreate
                0x000000001a0006cc       0x44 build/obj/src/bsp.o
                0x000000001a0006cc                BoardCreate
 .text.Chip_GPIO_SetPinState
                0x000000001a000710       0x38 build/obj/src/digital.o
 .text.Chip_GPIO_ReadPortBit
                0x000000001a000748       0x34 build/obj/src/digital.o
 .text.Chip_GPIO_SetPinDIROutput
                0x000000001a00077c       0x3e build/obj/src/digital.o
 .text.Chip_GPIO_SetPinDIRInput
                0x000000001a0007ba       0x40 build/obj/src/digital.o
 .text.Chip_GPIO_SetPinDIR
                0x000000001a0007fa       0x42 build/obj/src/digital.o
 .text.DigitalInputAllocate
                0x000000001a00083c       0x64 build/obj/src/digital.o
                0x000000001a00083c                DigitalInputAllocate
 .text.DigitalOutputAllocate
                0x000000001a0008a0       0x6c build/obj/src/digital.o
                0x000000001a0008a0                DigitalOutputAllocate
 .text.DigitalInputCreate
                0x000000001a00090c       0x50 build/obj/src/digital.o
                0x000000001a00090c                DigitalInputCreate
 .text.DigitalInputGetState
                0x000000001a00095c       0x3c build/obj/src/digital.o
                0x000000001a00095c                DigitalInputGetState
 .text.DigitalInputHasActivated
                0x000000001a000998       0x4a build/obj/src/digital.o
                0x000000001a000998                DigitalInputHasActivated
 *fill*         0x000000001a0009e2        0x2 
 .text.DigitalOutputCreate
                0x000000001a0009e4       0x58 build/obj/src/digital.o
                0x000000001a0009e4                DigitalOutputCreate
 .text.main     0x000000001a000a3c       0x88 build/obj/src/main.o
                0x000000001a000a3c                main
 .text.DisplayAllocate
                0x000000001a000ac4       0x14 build/obj/src/pantalla.o
 .text.DisplayCreate
                0x000000001a000ad8       0x54 build/obj/src/pantalla.o
                0x000000001a000ad8                DisplayCreate
 .text.DisplayWriteBCD
                0x000000001a000b2c       0x68 build/obj/src/pantalla.o
                0x000000001a000b2c                DisplayWriteBCD
 .text.DisplayRefresh
                0x000000001a000b94       0x50 build/obj/src/pantalla.o
                0x000000001a000b94                DisplayRefresh
 .text.ResetISR
                0x000000001a000be4       0xe0 build/obj/external/base/soc/lpc43xx/startup/cr_startup_lpc43xx.o
                0x000000001a000be4                ResetISR
 .text          0x000000001a000cc4      0x134 /usr/lib/gcc/arm-none-eabi/10.3.1/../../../arm-none-eabi/lib/thumb/v7e-m+fp/softfp/libc_nano.a(lib_a-memcpy.o)
                0x000000001a000cc4                memcpy
 .text          0x000000001a000df8       0xa4 /usr/lib/gcc/arm-none-eabi/10.3.1/../../../arm-none-eabi/lib/thumb/v7e-m+fp/softfp/libc_nano.a(lib_a-memset.o)
                0x000000001a000df8                memset
 *(.rodata .rodata.* .constdata .constdata.*)
 .rodata        0x000000001a000e9c        0xc build/obj/src/bsp.o
 .rodata        0x000000001a000ea8        0x4 build/obj/src/main.o
 .rodata.IMAGES
                0x000000001a000eac        0xa build/obj/src/pantalla.o
                0x000000001a000eb8                . = ALIGN (0x4)
 *fill*         0x000000001a000eb6        0x2 

.rel.dyn        0x000000001a000eb8        0x0
 .rel.iplt      0x000000001a000eb8        0x0 build/obj/src/bsp.o

.ARM.extab
 *(.ARM.extab* .gnu.linkonce.armextab.*)
                0x000000001a000eb8                __exidx_start = .

.ARM.exidx
 *(.ARM.exidx* .gnu.linkonce.armexidx.*)
                0x000000001a000eb8                __exidx_end = .
                0x000000001a000eb8                _etext = .

.data_RAM2      0x0000000010080000        0x0 load address 0x000000001a000eb8
 FILL mask 0xff
                [!provide]                        PROVIDE (__start_data_RAM2 = .)
 *(.ramfunc.$RAM2)
 *(.ramfunc.$RamLoc40)
 *(.data.$RAM2*)
 *(.data.$RamLoc40*)
 *(.bss.ucHeap)
                0x0000000010080000                . = ALIGN (0x4)
                [!provide]                        PROVIDE (__end_data_RAM2 = .)

.data_RAM3      0x0000000020000000        0x0 load address 0x000000001a000eb8
 FILL mask 0xff
                [!provide]                        PROVIDE (__start_data_RAM3 = .)
 *(.ramfunc.$RAM3)
 *(.ramfunc.$RamAHB32)
 *(.data.$RAM3*)
 *(.data.$RamAHB32*)
                0x0000000020000000                . = ALIGN (0x4)
                [!provide]                        PROVIDE (__end_data_RAM3 = .)

.data_RAM4      0x0000000020008000        0x0 load address 0x000000001a000eb8
 FILL mask 0xff
                [!provide]                        PROVIDE (__start_data_RAM4 = .)
 *(.ramfunc.$RAM4)
 *(.ramfunc.$RamAHB16)
 *(.data.$RAM4*)
 *(.data.$RamAHB16*)
                0x0000000020008000                . = ALIGN (0x4)
                [!provide]                        PROVIDE (__end_data_RAM4 = .)

.data_RAM5      0x000000002000c000        0x0 load address 0x000000001a000eb8
 FILL mask 0xff
                [!provide]                        PROVIDE (__start_data_RAM5 = .)
 *(.ramfunc.$RAM5)
 *(.ramfunc.$RamAHB_ETB16)
 *(.data.$RAM5*)
 *(.data.$RamAHB_ETB16*)
                0x000000002000c000                . = ALIGN (0x4)
                [!provide]                        PROVIDE (__end_data_RAM5 = .)

.uninit_RESERVED
                0x0000000010000000        0x0
 *(.bss.$RESERVED*)
                0x0000000010000000                . = ALIGN (0x4)
                0x0000000010000000                _end_uninit_RESERVED = .

.data           0x0000000010000000        0x0 load address 0x000000001a000eb8
 FILL mask 0xff
                0x0000000010000000                _data = .
 *(vtable)
 *(.ramfunc*)
 *(.data*)
                0x0000000010000000                . = ALIGN (0x4)
                0x0000000010000000                _edata = .

.igot.plt       0x0000000010000000        0x0 load address 0x000000001a000eb8
 .igot.plt      0x0000000010000000        0x0 build/obj/src/bsp.o

.bss_RAM2       0x0000000010080000        0x0
                [!provide]                        PROVIDE (__start_bss_RAM2 = .)
 *(.bss.$RAM2*)
 *(.bss.$RamLoc40*)
                0x0000000010080000                . = ALIGN ((. != 0x0)?0x4:0x1)
                [!provide]                        PROVIDE (__end_bss_RAM2 = .)

.bss_RAM3       0x0000000020000000        0x0
                [!provide]                        PROVIDE (__start_bss_RAM3 = .)
 *(.bss.$RAM3*)
 *(.bss.$RamAHB32*)
                0x0000000020000000                . = ALIGN ((. != 0x0)?0x4:0x1)
                [!provide]                        PROVIDE (__end_bss_RAM3 = .)

.bss_RAM4       0x0000000020008000        0x0
                [!provide]                        PROVIDE (__start_bss_RAM4 = .)
 *(.bss.$RAM4*)
 *(.bss.$RamAHB16*)
                0x0000000020008000                . = ALIGN ((. != 0x0)?0x4:0x1)
                [!provide]                        PROVIDE (__end_bss_RAM4 = .)

.bss_RAM5       0x000000002000c000        0x0
                [!provide]                        PROVIDE (__start_bss_RAM5 = .)
 *(.bss.$RAM5*)
 *(.bss.$RamAHB_ETB16*)
                0x000000002000c000                . = ALIGN ((. != 0x0)?0x4:0x1)
                [!provide]                        PROVIDE (__end_bss_RAM5 = .)

.bss            0x0000000010000000       0x54
                0x0000000010000000                _bss = .
 *(.bss*)
 .bss.board     0x0000000010000000       0x20 build/obj/src/bsp.o
 .bss.instances.1
                0x0000000010000020       0x10 build/obj/src/digital.o
 .bss.instances.0
                0x0000000010000030        0xc build/obj/src/digital.o
 .bss.instances.0
                0x000000001000003c       0x18 build/obj/src/pantalla.o
 *(COMMON)
                0x0000000010000054                . = ALIGN (0x4)
                0x0000000010000054                _ebss = .
                [!provide]                        PROVIDE (end = .)

.noinit_RAM2    0x0000000010080000        0x0
 *(.noinit.$RAM2*)
 *(.noinit.$RamLoc40*)
                0x0000000010080000                . = ALIGN (0x4)

.noinit_RAM3    0x0000000020000000        0x0
 *(.noinit.$RAM3*)
 *(.noinit.$RamAHB32*)
                0x0000000020000000                . = ALIGN (0x4)

.noinit_RAM4    0x0000000020008000        0x0
 *(.noinit.$RAM4*)
 *(.noinit.$RamAHB16*)
                0x0000000020008000                . = ALIGN (0x4)

.noinit_RAM5    0x000000002000c000        0x0
 *(.noinit.$RAM5*)
 *(.noinit.$RamAHB_ETB16*)
                0x000000002000c000                . = ALIGN (0x4)

.noinit         0x0000000010000054        0x0
                0x0000000010000054                _noinit = .
 *(.noinit*)
                0x0000000010000054                . = ALIGN (0x4)
                0x0000000010000054                _end_noinit = .
                [!provide]                        PROVIDE (_pvHeapStart = DEFINED (__user_heap_base)?__user_heap_base:.)
                0x0000000010008000                PROVIDE (_vStackTop = DEFINED (__user_stack_top)?__user_stack_top:(__top_RamLoc32 - 0x0))
                0xffffffff53ff6a02                PROVIDE (__valid_user_code_checksum = (0x0 - ((((((_vStackTop + (ResetISR + 0x1)) + (NMI_Handler + 0x1)) + (HardFault_Handler + 0x1)) + (DEFINED (MemManage_Handler)?MemManage_Handler:0x0 + 0x1)) + (DEFINED (BusFault_Handler)?BusFault_Handler:0x0 + 0x1)) + (DEFINED (UsageFault_Handler)?UsageFault_Handler:0x0 + 0x1))))
OUTPUT(build/bin/TP6.elf elf32-littlearm)
LOAD linker stubs

.ARM.attributes
                0x0000000000000000       0x2e
 .ARM.attributes
                0x0000000000000000       0x1e /usr/lib/gcc/arm-none-eabi/10.3.1/thumb/v7e-m+fp/softfp/crti.o
 .ARM.attributes
                0x000000000000001e       0x32 build/obj/src/bsp.o
 .ARM.attributes
                0x0000000000000050       0x32 build/obj/src/digital.o
 .ARM.attributes
                0x0000000000000082       0x32 build/obj/src/main.o
 .ARM.attributes
                0x00000000000000b4       0x32 build/obj/src/pantalla.o
 .ARM.attributes
                0x00000000000000e6       0x32 build/obj/external/base/soc/lpc43xx/startup/cr_startup_lpc43xx.o
 .ARM.attributes
                0x0000000000000118       0x1c /usr/lib/gcc/arm-none-eabi/10.3.1/../../../arm-none-eabi/lib/thumb/v7e-m+fp/softfp/libc_nano.a(lib_a-memcpy.o)
 .ARM.attributes
                0x0000000000000134       0x32 /usr/lib/gcc/arm-none-eabi/10.3.1/../../../arm-none-eabi/lib/thumb/v7e-m+fp/softfp/libc_nano.a(lib_a-memset.o)

.comment        0x0000000000000000       0x33
 .comment       0x0000000000000000       0x33 build/obj/src/bsp.o
                                         0x34 (size before relaxing)
 .comment       0x0000000000000033       0x34 build/obj/src/digital.o
 .comment       0x0000000000000033       0x34 build/obj/src/main.o
 .comment       0x0000000000000033       0x34 build/obj/src/pantalla.o
 .comment       0x0000000000000033       0x34 build/obj/external/base/soc/lpc43xx/startup/cr_startup_lpc43xx.o
 .comment       0x0000000000000033       0x34 /usr/lib/gcc/arm-none-eabi/10.3.1/../../../arm-none-eabi/lib/thumb/v7e-m+fp/softfp/libc_nano.a(lib_a-memset.o)

.debug_info     0x0000000000000000     0x1af5
 .debug_info    0x0000000000000000      0xbbc build/obj/src/bsp.o
 .debug_info    0x0000000000000bbc      0x6c6 build/obj/src/digital.o
 .debug_info    0x0000000000001282      0x180 build/obj/src/main.o
 .debug_info    0x0000000000001402      0x2bd build/obj/src/pantalla.o
 .debug_info    0x00000000000016bf      0x2d9 build/obj/external/base/soc/lpc43xx/startup/cr_startup_lpc43xx.o
 .debug_info    0x0000000000001998       0x26 /usr/lib/gcc/arm-none-eabi/10.3.1/../../../arm-none-eabi/lib/thumb/v7e-m+fp/softfp/libc_nano.a(lib_a-memcpy.o)
 .debug_info    0x00000000000019be      0x137 /usr/lib/gcc/arm-none-eabi/10.3.1/../../../arm-none-eabi/lib/thumb/v7e-m+fp/softfp/libc_nano.a(lib_a-memset.o)

.debug_abbrev   0x0000000000000000      0x7e4
 .debug_abbrev  0x0000000000000000      0x21f build/obj/src/bsp.o
 .debug_abbrev  0x000000000000021f      0x211 build/obj/src/digital.o
 .debug_abbrev  0x0000000000000430       0xa4 build/obj/src/main.o
 .debug_abbrev  0x00000000000004d4      0x11d build/obj/src/pantalla.o
 .debug_abbrev  0x00000000000005f1      0x12b build/obj/external/base/soc/lpc43xx/startup/cr_startup_lpc43xx.o
 .debug_abbrev  0x000000000000071c       0x14 /usr/lib/gcc/arm-none-eabi/10.3.1/../../../arm-none-eabi/lib/thumb/v7e-m+fp/softfp/libc_nano.a(lib_a-memcpy.o)
 .debug_abbrev  0x0000000000000730       0xb4 /usr/lib/gcc/arm-none-eabi/10.3.1/../../../arm-none-eabi/lib/thumb/v7e-m+fp/softfp/libc_nano.a(lib_a-memset.o)

.debug_aranges  0x0000000000000000      0x248
 .debug_aranges
                0x0000000000000000       0x90 build/obj/src/bsp.o
 .debug_aranges
                0x0000000000000090       0xa0 build/obj/src/digital.o
 .debug_aranges
                0x0000000000000130       0x20 build/obj/src/main.o
 .debug_aranges
                0x0000000000000150       0x38 build/obj/src/pantalla.o
 .debug_aranges
                0x0000000000000188       0x80 build/obj/external/base/soc/lpc43xx/startup/cr_startup_lpc43xx.o
 .debug_aranges
                0x0000000000000208       0x20 /usr/lib/gcc/arm-none-eabi/10.3.1/../../../arm-none-eabi/lib/thumb/v7e-m+fp/softfp/libc_nano.a(lib_a-memcpy.o)
 .debug_aranges
                0x0000000000000228       0x20 /usr/lib/gcc/arm-none-eabi/10.3.1/../../../arm-none-eabi/lib/thumb/v7e-m+fp/softfp/libc_nano.a(lib_a-memset.o)

.debug_ranges   0x0000000000000000      0x1d0
 .debug_ranges  0x0000000000000000       0x80 build/obj/src/bsp.o
 .debug_ranges  0x0000000000000080       0x90 build/obj/src/digital.o
 .debug_ranges  0x0000000000000110       0x10 build/obj/src/main.o
 .debug_ranges  0x0000000000000120       0x40 build/obj/src/pantalla.o
 .debug_ranges  0x0000000000000160       0x70 build/obj/external/base/soc/lpc43xx/startup/cr_startup_lpc43xx.o

.debug_macro    0x0000000000000000     0x5c88
 .debug_macro   0x0000000000000000      0x2f5 build/obj/src/bsp.o
 .debug_macro   0x00000000000002f5      0xaba build/obj/src/bsp.o
 .debug_macro   0x0000000000000daf      0x34e build/obj/src/bsp.o
 .debug_macro   0x00000000000010fd       0x22 build/obj/src/bsp.o
 .debug_macro   0x000000000000111f      0x2a8 build/obj/src/bsp.o
 .debug_macro   0x00000000000013c7       0x34 build/obj/src/bsp.o
 .debug_macro   0x00000000000013fb       0x10 build/obj/src/bsp.o
 .debug_macro   0x000000000000140b       0x79 build/obj/src/bsp.o
 .debug_macro   0x0000000000001484       0x28 build/obj/src/bsp.o
 .debug_macro   0x00000000000014ac       0x1c build/obj/src/bsp.o
 .debug_macro   0x00000000000014c8       0x22 build/obj/src/bsp.o
 .debug_macro   0x00000000000014ea       0xfb build/obj/src/bsp.o
 .debug_macro   0x00000000000015e5     0x1011 build/obj/src/bsp.o
 .debug_macro   0x00000000000025f6      0x11f build/obj/src/bsp.o
 .debug_macro   0x0000000000002715      0x2c3 build/obj/src/bsp.o
 .debug_macro   0x00000000000029d8      0x112 build/obj/src/bsp.o
 .debug_macro   0x0000000000002aea       0x11 build/obj/src/bsp.o
 .debug_macro   0x0000000000002afb       0x2a build/obj/src/bsp.o
 .debug_macro   0x0000000000002b25       0x16 build/obj/src/bsp.o
 .debug_macro   0x0000000000002b3b      0x2e6 build/obj/src/bsp.o
 .debug_macro   0x0000000000002e21       0x82 build/obj/src/bsp.o
 .debug_macro   0x0000000000002ea3      0x13d build/obj/src/bsp.o
 .debug_macro   0x0000000000002fe0      0x198 build/obj/src/bsp.o
 .debug_macro   0x0000000000003178       0x34 build/obj/src/bsp.o
 .debug_macro   0x00000000000031ac       0x58 build/obj/src/bsp.o
 .debug_macro   0x0000000000003204      0x236 build/obj/src/bsp.o
 .debug_macro   0x000000000000343a      0x572 build/obj/src/bsp.o
 .debug_macro   0x00000000000039ac       0x16 build/obj/src/bsp.o
 .debug_macro   0x00000000000039c2      0x18a build/obj/src/bsp.o
 .debug_macro   0x0000000000003b4c       0x88 build/obj/src/bsp.o
 .debug_macro   0x0000000000003bd4      0x1b9 build/obj/src/bsp.o
 .debug_macro   0x0000000000003d8d      0x1da build/obj/src/bsp.o
 .debug_macro   0x0000000000003f67       0x40 build/obj/src/bsp.o
 .debug_macro   0x0000000000003fa7       0x1c build/obj/src/bsp.o
 .debug_macro   0x0000000000003fc3       0x2e build/obj/src/bsp.o
 .debug_macro   0x0000000000003ff1       0x2e build/obj/src/bsp.o
 .debug_macro   0x000000000000401f       0x22 build/obj/src/bsp.o
 .debug_macro   0x0000000000004041      0x201 build/obj/src/bsp.o
 .debug_macro   0x0000000000004242       0xe0 build/obj/src/bsp.o
 .debug_macro   0x0000000000004322      0x34c build/obj/src/bsp.o
 .debug_macro   0x000000000000466e       0xdc build/obj/src/bsp.o
 .debug_macro   0x000000000000474a       0xc4 build/obj/src/bsp.o
 .debug_macro   0x000000000000480e       0x8f build/obj/src/bsp.o
 .debug_macro   0x000000000000489d       0x94 build/obj/src/bsp.o
 .debug_macro   0x0000000000004931       0xb8 build/obj/src/bsp.o
 .debug_macro   0x00000000000049e9       0x4c build/obj/src/bsp.o
 .debug_macro   0x0000000000004a35       0x16 build/obj/src/bsp.o
 .debug_macro   0x0000000000004a4b      0x328 build/obj/src/bsp.o
 .debug_macro   0x0000000000004d73       0x3a build/obj/src/bsp.o
 .debug_macro   0x0000000000004dad       0xd0 build/obj/src/bsp.o
 .debug_macro   0x0000000000004e7d       0x18 build/obj/src/bsp.o
 .debug_macro   0x0000000000004e95       0x22 build/obj/src/bsp.o
 .debug_macro   0x0000000000004eb7       0x40 build/obj/src/bsp.o
 .debug_macro   0x0000000000004ef7      0x2e7 build/obj/src/digital.o
 .debug_macro   0x00000000000051de       0x47 build/obj/src/main.o
 .debug_macro   0x0000000000005225      0x174 build/obj/src/main.o
 .debug_macro   0x0000000000005399      0x109 build/obj/src/pantalla.o
 .debug_macro   0x00000000000054a2       0x22 build/obj/src/pantalla.o
 .debug_macro   0x00000000000054c4       0x52 build/obj/src/pantalla.o
 .debug_macro   0x0000000000005516       0x18 build/obj/src/pantalla.o
 .debug_macro   0x000000000000552e       0x94 build/obj/src/pantalla.o
 .debug_macro   0x00000000000055c2       0x35 build/obj/src/pantalla.o
 .debug_macro   0x00000000000055f7       0x34 build/obj/src/pantalla.o
 .debug_macro   0x000000000000562b       0x16 build/obj/src/pantalla.o
 .debug_macro   0x0000000000005641       0x43 build/obj/src/pantalla.o
 .debug_macro   0x0000000000005684       0x57 build/obj/src/pantalla.o
 .debug_macro   0x00000000000056db       0x34 build/obj/src/pantalla.o
 .debug_macro   0x000000000000570f       0x10 build/obj/src/pantalla.o
 .debug_macro   0x000000000000571f       0x52 build/obj/src/pantalla.o
 .debug_macro   0x0000000000005771      0x182 build/obj/src/pantalla.o
 .debug_macro   0x00000000000058f3      0x333 build/obj/src/pantalla.o
 .debug_macro   0x0000000000005c26       0x10 build/obj/src/pantalla.o
 .debug_macro   0x0000000000005c36       0x35 build/obj/src/pantalla.o
 .debug_macro   0x0000000000005c6b       0x1d build/obj/external/base/soc/lpc43xx/startup/cr_startup_lpc43xx.o

.debug_line     0x0000000000000000     0x1b93
 .debug_line    0x0000000000000000      0x922 build/obj/src/bsp.o
 .debug_line    0x0000000000000922      0x996 build/obj/src/digital.o
 .debug_line    0x00000000000012b8      0x14e build/obj/src/main.o
 .debug_line    0x0000000000001406      0x2ee build/obj/src/pantalla.o
 .debug_line    0x00000000000016f4      0x222 build/obj/external/base/soc/lpc43xx/startup/cr_startup_lpc43xx.o
 .debug_line    0x0000000000001916       0xbe /usr/lib/gcc/arm-none-eabi/10.3.1/../../../arm-none-eabi/lib/thumb/v7e-m+fp/softfp/libc_nano.a(lib_a-memcpy.o)
 .debug_line    0x00000000000019d4      0x1bf /usr/lib/gcc/arm-none-eabi/10.3.1/../../../arm-none-eabi/lib/thumb/v7e-m+fp/softfp/libc_nano.a(lib_a-memset.o)

.debug_str      0x0000000000000000    0x1af93
 .debug_str     0x0000000000000000    0x17b76 build/obj/src/bsp.o
                                      0x17d4d (size before relaxing)
 .debug_str     0x0000000000017b76      0x202 build/obj/src/digital.o
                                      0x168d4 (size before relaxing)
 .debug_str     0x0000000000017d78      0x2f0 build/obj/src/main.o
                                       0x3cd3 (size before relaxing)
 .debug_str     0x0000000000018068     0x2ac3 build/obj/src/pantalla.o
                                       0x66f3 (size before relaxing)
 .debug_str     0x000000000001ab2b      0x286 build/obj/external/base/soc/lpc43xx/startup/cr_startup_lpc43xx.o
                                       0x2fba (size before relaxing)
 .debug_str     0x000000000001adb1       0xb8 /usr/lib/gcc/arm-none-eabi/10.3.1/../../../arm-none-eabi/lib/thumb/v7e-m+fp/softfp/libc_nano.a(lib_a-memcpy.o)
 .debug_str     0x000000000001ae69      0x12a /usr/lib/gcc/arm-none-eabi/10.3.1/../../../arm-none-eabi/lib/thumb/v7e-m+fp/softfp/libc_nano.a(lib_a-memset.o)
                                        0x1c6 (size before relaxing)

.debug_frame    0x0000000000000000      0x718
 .debug_frame   0x0000000000000000      0x21c build/obj/src/bsp.o
 .debug_frame   0x000000000000021c      0x294 build/obj/src/digital.o
 .debug_frame   0x00000000000004b0       0x30 build/obj/src/main.o
 .debug_frame   0x00000000000004e0       0x9c build/obj/src/pantalla.o
 .debug_frame   0x000000000000057c      0x170 build/obj/external/base/soc/lpc43xx/startup/cr_startup_lpc43xx.o
 .debug_frame   0x00000000000006ec       0x2c /usr/lib/gcc/arm-none-eabi/10.3.1/../../../arm-none-eabi/lib/thumb/v7e-m+fp/softfp/libc_nano.a(lib_a-memset.o)

.debug_loc      0x0000000000000000      0x22c
 .debug_loc     0x0000000000000000      0x22c /usr/lib/gcc/arm-none-eabi/10.3.1/../../../arm-none-eabi/lib/thumb/v7e-m+fp/softfp/libc_nano.a(lib_a-memset.o)

Cross Reference Table

Symbol                                            File
ADC0_IRQHandler                                   build/obj/external/base/soc/lpc43xx/startup/cr_startup_lpc43xx.o
ADC1_IRQHandler                                   build/obj/external/base/soc/lpc43xx/startup/cr_startup_lpc43xx.o
ATIMER_IRQHandler                                 build/obj/external/base/soc/lpc43xx/startup/cr_startup_lpc43xx.o
BoardCreate                                       build/obj/src/bsp.o
                                                  build/obj/src/main.o
BusFault_Handler                                  build/obj/external/base/soc/lpc43xx/startup/cr_startup_lpc43xx.o
BuzzerInit                                        build/obj/src/bsp.o
CAN0_IRQHandler                                   build/obj/external/base/soc/lpc43xx/startup/cr_startup_lpc43xx.o
CAN1_IRQHandler                                   build/obj/external/base/soc/lpc43xx/startup/cr_startup_lpc43xx.o
DAC_IRQHandler                                    build/obj/external/base/soc/lpc43xx/startup/cr_startup_lpc43xx.o
DMA_IRQHandler                                    build/obj/external/base/soc/lpc43xx/startup/cr_startup_lpc43xx.o
DebugMon_Handler                                  build/obj/external/base/soc/lpc43xx/startup/cr_startup_lpc43xx.o
DigitTurnOn                                       build/obj/src/bsp.o
DigitalInputAllocate                              build/obj/src/digital.o
DigitalInputCreate                                build/obj/src/digital.o
                                                  build/obj/src/bsp.o
DigitalInputGetState                              build/obj/src/digital.o
DigitalInputHasActivated                          build/obj/src/digital.o
                                                  build/obj/src/main.o
DigitalInputHasChange                             build/obj/src/digital.o
DigitalInputHasDesactivated                       build/obj/src/digital.o
DigitalOutputActivate                             build/obj/src/digital.o
DigitalOutputAllocate                             build/obj/src/digital.o
DigitalOutputCreate                               build/obj/src/digital.o
                                                  build/obj/src/bsp.o
DigitalOutputDesactivate                          build/obj/src/digital.o
DigitalOutputToggle                               build/obj/src/digital.o
DigitsInit                                        build/obj/src/bsp.o
DisplayCreate                                     build/obj/src/pantalla.o
                                                  build/obj/src/bsp.o
DisplayRefresh                                    build/obj/src/pantalla.o
                                                  build/obj/src/main.o
DisplayWriteBCD                                   build/obj/src/pantalla.o
                                                  build/obj/src/main.o
ETH_IRQHandler                                    build/obj/external/base/soc/lpc43xx/startup/cr_startup_lpc43xx.o
EVRT_IRQHandler                                   build/obj/external/base/soc/lpc43xx/startup/cr_startup_lpc43xx.o
FLASH_EEPROM_IRQHandler                           build/obj/external/base/soc/lpc43xx/startup/cr_startup_lpc43xx.o
GINT0_IRQHandler                                  build/obj/external/base/soc/lpc43xx/startup/cr_startup_lpc43xx.o
GINT1_IRQHandler                                  build/obj/external/base/soc/lpc43xx/startup/cr_startup_lpc43xx.o
GPIO0_IRQHandler                                  build/obj/external/base/soc/lpc43xx/startup/cr_startup_lpc43xx.o
GPIO1_IRQHandler                                  build/obj/external/base/soc/lpc43xx/startup/cr_startup_lpc43xx.o
GPIO2_IRQHandler                                  build/obj/external/base/soc/lpc43xx/startup/cr_startup_lpc43xx.o
GPIO3_IRQHandler                                  build/obj/external/base/soc/lpc43xx/startup/cr_startup_lpc43xx.o
GPIO4_IRQHandler                                  build/obj/external/base/soc/lpc43xx/startup/cr_startup_lpc43xx.o
GPIO5_IRQHandler                                  build/obj/external/base/soc/lpc43xx/startup/cr_startup_lpc43xx.o
GPIO6_IRQHandler                                  build/obj/external/base/soc/lpc43xx/startup/cr_startup_lpc43xx.o
GPIO7_IRQHandler                                  build/obj/external/base/soc/lpc43xx/startup/cr_startup_lpc43xx.o
HardFault_Handler                                 build/obj/external/base/soc/lpc43xx/startup/cr_startup_lpc43xx.o
I2C0_IRQHandler                                   build/obj/external/base/soc/lpc43xx/startup/cr_startup_lpc43xx.o
I2C1_IRQHandler                                   build/obj/external/base/soc/lpc43xx/startup/cr_startup_lpc43xx.o
I2S0_IRQHandler                                   build/obj/external/base/soc/lpc43xx/startup/cr_startup_lpc43xx.o
I2S1_IRQHandler                                   build/obj/external/base/soc/lpc43xx/startup/cr_startup_lpc43xx.o
IntDefaultHandler                                 build/obj/external/base/soc/lpc43xx/startup/cr_startup_lpc43xx.o
KeysInit                                          build/obj/src/bsp.o
LCD_IRQHandler                                    build/obj/external/base/soc/lpc43xx/startup/cr_startup_lpc43xx.o
M0CORE_IRQHandler                                 build/obj/external/base/soc/lpc43xx/startup/cr_startup_lpc43xx.o
M0SUB_IRQHandler                                  build/obj/external/base/soc/lpc43xx/startup/cr_startup_lpc43xx.o
MCPWM_IRQHandler                                  build/obj/external/base/soc/lpc43xx/startup/cr_startup_lpc43xx.o
MemManage_Handler                                 build/obj/external/base/soc/lpc43xx/startup/cr_startup_lpc43xx.o
NMI_Handler                                       build/obj/external/base/soc/lpc43xx/startup/cr_startup_lpc43xx.o
PendSV_Handler                                    build/obj/external/base/soc/lpc43xx/startup/cr_startup_lpc43xx.o
QEI_IRQHandler                                    build/obj/external/base/soc/lpc43xx/startup/cr_startup_lpc43xx.o
RIT_IRQHandler                                    build/obj/external/base/soc/lpc43xx/startup/cr_startup_lpc43xx.o
RTC_IRQHandler                                    build/obj/external/base/soc/lpc43xx/startup/cr_startup_lpc43xx.o
ResetISR                                          build/obj/external/base/soc/lpc43xx/startup/cr_startup_lpc43xx.o
SCT_IRQHandler                                    build/obj/external/base/soc/lpc43xx/startup/cr_startup_lpc43xx.o
SDIO_IRQHandler                                   build/obj/external/base/soc/lpc43xx/startup/cr_startup_lpc43xx.o
SGPIO_IRQHandler                                  build/obj/external/base/soc/lpc43xx/startup/cr_startup_lpc43xx.o
SPIFI_IRQHandler                                  build/obj/external/base/soc/lpc43xx/startup/cr_startup_lpc43xx.o
SPI_IRQHandler                                    build/obj/external/base/soc/lpc43xx/startup/cr_startup_lpc43xx.o
SSP0_IRQHandler                                   build/obj/external/base/soc/lpc43xx/startup/cr_startup_lpc43xx.o
SSP1_IRQHandler                                   build/obj/external/base/soc/lpc43xx/startup/cr_startup_lpc43xx.o
SVC_Handler                                       build/obj/external/base/soc/lpc43xx/startup/cr_startup_lpc43xx.o
ScreenTurnOff                                     build/obj/src/bsp.o
SegmentsInit                                      build/obj/src/bsp.o
SegmentsTurnOn                                    build/obj/src/bsp.o
SysTick_Handler                                   build/obj/external/base/soc/lpc43xx/startup/cr_startup_lpc43xx.o
TIMER0_IRQHandler                                 build/obj/external/base/soc/lpc43xx/startup/cr_startup_lpc43xx.o
TIMER1_IRQHandler                                 build/obj/external/base/soc/lpc43xx/startup/cr_startup_lpc43xx.o
TIMER2_IRQHandler                                 build/obj/external/base/soc/lpc43xx/startup/cr_startup_lpc43xx.o
TIMER3_IRQHandler                                 build/obj/external/base/soc/lpc43xx/startup/cr_startup_lpc43xx.o
UART0_IRQHandler                                  build/obj/external/base/soc/lpc43xx/startup/cr_startup_lpc43xx.o
UART1_IRQHandler                                  build/obj/external/base/soc/lpc43xx/startup/cr_startup_lpc43xx.o
UART2_IRQHandler                                  build/obj/external/base/soc/lpc43xx/startup/cr_startup_lpc43xx.o
UART3_IRQHandler                                  build/obj/external/base/soc/lpc43xx/startup/cr_startup_lpc43xx.o
USB0_IRQHandler                                   build/obj/external/base/soc/lpc43xx/startup/cr_startup_lpc43xx.o
USB1_IRQHandler                                   build/obj/external/base/soc/lpc43xx/startup/cr_startup_lpc43xx.o
UsageFault_Handler                                build/obj/external/base/soc/lpc43xx/startup/cr_startup_lpc43xx.o
VADC_IRQHandler                                   build/obj/external/base/soc/lpc43xx/startup/cr_startup_lpc43xx.o
WDT_IRQHandler                                    build/obj/external/base/soc/lpc43xx/startup/cr_startup_lpc43xx.o
_ITM_deregisterTMCloneTable                       /usr/lib/gcc/arm-none-eabi/10.3.1/thumb/v7e-m+fp/softfp/crtbegin.o
_ITM_registerTMCloneTable                         /usr/lib/gcc/arm-none-eabi/10.3.1/thumb/v7e-m+fp/softfp/crtbegin.o
__TMC_END__                                       /usr/lib/gcc/arm-none-eabi/10.3.1/thumb/v7e-m+fp/softfp/crtend.o
                                                  /usr/lib/gcc/arm-none-eabi/10.3.1/thumb/v7e-m+fp/softfp/crtbegin.o
__atexit_dummy                                    /usr/lib/gcc/arm-none-eabi/10.3.1/../../../arm-none-eabi/lib/thumb/v7e-m+fp/softfp/libc_nano.a(lib_a-__atexit.o)
__bss_end__                                       /usr/lib/gcc/arm-none-eabi/10.3.1/../../../arm-none-eabi/lib/thumb/v7e-m+fp/softfp/crt0.o
__bss_section_table_end                           build/obj/external/base/soc/lpc43xx/startup/cr_startup_lpc43xx.o
__bss_start__                                     /usr/lib/gcc/arm-none-eabi/10.3.1/../../../arm-none-eabi/lib/thumb/v7e-m+fp/softfp/crt0.o
__call_exitprocs                                  /usr/lib/gcc/arm-none-eabi/10.3.1/../../../arm-none-eabi/lib/thumb/v7e-m+fp/softfp/libc_nano.a(lib_a-__call_atexit.o)
                                                  /usr/lib/gcc/arm-none-eabi/10.3.1/../../../arm-none-eabi/lib/thumb/v7e-m+fp/softfp/libc_nano.a(lib_a-__atexit.o)
                                                  /usr/lib/gcc/arm-none-eabi/10.3.1/../../../arm-none-eabi/lib/thumb/v7e-m+fp/softfp/libc_nano.a(lib_a-exit.o)
__data_section_table                              build/obj/external/base/soc/lpc43xx/startup/cr_startup_lpc43xx.o
__data_section_table_end                          build/obj/external/base/soc/lpc43xx/startup/cr_startup_lpc43xx.o
__deregister_frame_info                           /usr/lib/gcc/arm-none-eabi/10.3.1/thumb/v7e-m+fp/softfp/crtbegin.o
__dso_handle                                      /usr/lib/gcc/arm-none-eabi/10.3.1/thumb/v7e-m+fp/softfp/crtbegin.o
__fini_array_end                                  /usr/lib/gcc/arm-none-eabi/10.3.1/../../../arm-none-eabi/lib/thumb/v7e-m+fp/softfp/libc_nano.a(lib_a-fini.o)
__fini_array_start                                /usr/lib/gcc/arm-none-eabi/10.3.1/../../../arm-none-eabi/lib/thumb/v7e-m+fp/softfp/libc_nano.a(lib_a-fini.o)
__init_array_end                                  /usr/lib/gcc/arm-none-eabi/10.3.1/../../../arm-none-eabi/lib/thumb/v7e-m+fp/softfp/libc_nano.a(lib_a-init.o)
__init_array_start                                /usr/lib/gcc/arm-none-eabi/10.3.1/../../../arm-none-eabi/lib/thumb/v7e-m+fp/softfp/libc_nano.a(lib_a-init.o)
__libc_fini_array                                 /usr/lib/gcc/arm-none-eabi/10.3.1/../../../arm-none-eabi/lib/thumb/v7e-m+fp/softfp/libc_nano.a(lib_a-fini.o)
                                                  /usr/lib/gcc/arm-none-eabi/10.3.1/../../../arm-none-eabi/lib/thumb/v7e-m+fp/softfp/crt0.o
__libc_init_array                                 /usr/lib/gcc/arm-none-eabi/10.3.1/../../../arm-none-eabi/lib/thumb/v7e-m+fp/softfp/libc_nano.a(lib_a-init.o)
                                                  /usr/lib/gcc/arm-none-eabi/10.3.1/../../../arm-none-eabi/lib/thumb/v7e-m+fp/softfp/crt0.o
__on_exit_args                                    /usr/lib/gcc/arm-none-eabi/10.3.1/../../../arm-none-eabi/lib/thumb/v7e-m+fp/softfp/libc_nano.a(lib_a-__atexit.o)
__preinit_array_end                               /usr/lib/gcc/arm-none-eabi/10.3.1/../../../arm-none-eabi/lib/thumb/v7e-m+fp/softfp/libc_nano.a(lib_a-init.o)
__preinit_array_start                             /usr/lib/gcc/arm-none-eabi/10.3.1/../../../arm-none-eabi/lib/thumb/v7e-m+fp/softfp/libc_nano.a(lib_a-init.o)
__register_exitproc                               /usr/lib/gcc/arm-none-eabi/10.3.1/../../../arm-none-eabi/lib/thumb/v7e-m+fp/softfp/libc_nano.a(lib_a-__atexit.o)
                                                  /usr/lib/gcc/arm-none-eabi/10.3.1/../../../arm-none-eabi/lib/thumb/v7e-m+fp/softfp/libc_nano.a(lib_a-atexit.o)
__register_frame_info                             /usr/lib/gcc/arm-none-eabi/10.3.1/thumb/v7e-m+fp/softfp/crtbegin.o
__sf_fake_stderr                                  /usr/lib/gcc/arm-none-eabi/10.3.1/../../../arm-none-eabi/lib/thumb/v7e-m+fp/softfp/libc_nano.a(lib_a-impure.o)
__sf_fake_stdin                                   /usr/lib/gcc/arm-none-eabi/10.3.1/../../../arm-none-eabi/lib/thumb/v7e-m+fp/softfp/libc_nano.a(lib_a-impure.o)
__sf_fake_stdout                                  /usr/lib/gcc/arm-none-eabi/10.3.1/../../../arm-none-eabi/lib/thumb/v7e-m+fp/softfp/libc_nano.a(lib_a-impure.o)
__stack                                           /usr/lib/gcc/arm-none-eabi/10.3.1/../../../arm-none-eabi/lib/thumb/v7e-m+fp/softfp/crt0.o
__valid_user_code_checksum                        build/obj/external/base/soc/lpc43xx/startup/cr_startup_lpc43xx.o
_exit                                             /usr/lib/gcc/arm-none-eabi/10.3.1/../../../arm-none-eabi/lib/thumb/v7e-m+fp/softfp/libnosys.a(_exit.o)
                                                  /usr/lib/gcc/arm-none-eabi/10.3.1/../../../arm-none-eabi/lib/thumb/v7e-m+fp/softfp/libc_nano.a(lib_a-exit.o)
_fini                                             /usr/lib/gcc/arm-none-eabi/10.3.1/thumb/v7e-m+fp/softfp/crti.o
                                                  /usr/lib/gcc/arm-none-eabi/10.3.1/../../../arm-none-eabi/lib/thumb/v7e-m+fp/softfp/libc_nano.a(lib_a-fini.o)
_global_atexit                                    /usr/lib/gcc/arm-none-eabi/10.3.1/../../../arm-none-eabi/lib/thumb/v7e-m+fp/softfp/libc_nano.a(lib_a-__call_atexit.o)
                                                  /usr/lib/gcc/arm-none-eabi/10.3.1/../../../arm-none-eabi/lib/thumb/v7e-m+fp/softfp/libc_nano.a(lib_a-__atexit.o)
_global_impure_ptr                                /usr/lib/gcc/arm-none-eabi/10.3.1/../../../arm-none-eabi/lib/thumb/v7e-m+fp/softfp/libc_nano.a(lib_a-impure.o)
                                                  /usr/lib/gcc/arm-none-eabi/10.3.1/../../../arm-none-eabi/lib/thumb/v7e-m+fp/softfp/libc_nano.a(lib_a-exit.o)
_impure_ptr                                       /usr/lib/gcc/arm-none-eabi/10.3.1/../../../arm-none-eabi/lib/thumb/v7e-m+fp/softfp/libc_nano.a(lib_a-impure.o)
_init                                             /usr/lib/gcc/arm-none-eabi/10.3.1/thumb/v7e-m+fp/softfp/crti.o
                                                  /usr/lib/gcc/arm-none-eabi/10.3.1/../../../arm-none-eabi/lib/thumb/v7e-m+fp/softfp/libc_nano.a(lib_a-init.o)
_mainCRTStartup                                   /usr/lib/gcc/arm-none-eabi/10.3.1/../../../arm-none-eabi/lib/thumb/v7e-m+fp/softfp/crt0.o
_stack_init                                       /usr/lib/gcc/arm-none-eabi/10.3.1/../../../arm-none-eabi/lib/thumb/v7e-m+fp/softfp/crt0.o
_start                                            /usr/lib/gcc/arm-none-eabi/10.3.1/../../../arm-none-eabi/lib/thumb/v7e-m+fp/softfp/crt0.o
_vStackTop                                        build/obj/external/base/soc/lpc43xx/startup/cr_startup_lpc43xx.o
atexit                                            /usr/lib/gcc/arm-none-eabi/10.3.1/../../../arm-none-eabi/lib/thumb/v7e-m+fp/softfp/libc_nano.a(lib_a-atexit.o)
                                                  /usr/lib/gcc/arm-none-eabi/10.3.1/../../../arm-none-eabi/lib/thumb/v7e-m+fp/softfp/crt0.o
bss_init                                          build/obj/external/base/soc/lpc43xx/startup/cr_startup_lpc43xx.o
data_init                                         build/obj/external/base/soc/lpc43xx/startup/cr_startup_lpc43xx.o
exit                                              /usr/lib/gcc/arm-none-eabi/10.3.1/../../../arm-none-eabi/lib/thumb/v7e-m+fp/softfp/libc_nano.a(lib_a-exit.o)
                                                  /usr/lib/gcc/arm-none-eabi/10.3.1/../../../arm-none-eabi/lib/thumb/v7e-m+fp/softfp/crt0.o
g_pfnVectors                                      build/obj/external/base/soc/lpc43xx/startup/cr_startup_lpc43xx.o
hardware_init_hook                                /usr/lib/gcc/arm-none-eabi/10.3.1/../../../arm-none-eabi/lib/thumb/v7e-m+fp/softfp/crt0.o
main                                              build/obj/src/main.o
                                                  build/obj/external/base/soc/lpc43xx/startup/cr_startup_lpc43xx.o
                                                  /usr/lib/gcc/arm-none-eabi/10.3.1/../../../arm-none-eabi/lib/thumb/v7e-m+fp/softfp/crt0.o
malloc                                            /usr/lib/gcc/arm-none-eabi/10.3.1/../../../arm-none-eabi/lib/thumb/v7e-m+fp/softfp/libc_nano.a(lib_a-__atexit.o)
memcpy                                            /usr/lib/gcc/arm-none-eabi/10.3.1/../../../arm-none-eabi/lib/thumb/v7e-m+fp/softfp/libc_nano.a(lib_a-memcpy.o)
                                                  build/obj/src/pantalla.o
memset                                            /usr/lib/gcc/arm-none-eabi/10.3.1/../../../arm-none-eabi/lib/thumb/v7e-m+fp/softfp/libc_nano.a(lib_a-memset.o)
                                                  build/obj/src/pantalla.o
                                                  /usr/lib/gcc/arm-none-eabi/10.3.1/../../../arm-none-eabi/lib/thumb/v7e-m+fp/softfp/crt0.o
software_init_hook                                /usr/lib/gcc/arm-none-eabi/10.3.1/../../../arm-none-eabi/lib/thumb/v7e-m+fp/softfp/crt0.o
